


ARM Macro Assembler    Page 1 


    1 00000000         ; BusyWait.s
    2 00000000         ; Student names: Colton Berger & Jack Zhao
    3 00000000         ; Last modification date: change this to the last modifi
                       cation date or look very silly
    4 00000000         
    5 00000000         ; Runs on TM4C123
    6 00000000         
    7 00000000         ; As part of Lab 7, students need to implement these two
                        functions
    8 00000000         ; This file is in the inc folder so it automatically wil
                       l be applied to labs 7 8 9 and 10
    9 00000000         
   10 00000000         
   11 00000000                 EXPORT           SPIOutCommand
   12 00000000                 EXPORT           SPIOutData
   13 00000000         
   14 00000000                 AREA             |.text|, CODE, READONLY, ALIGN=
2
   15 00000000                 THUMB
   16 00000000                 ALIGN
   17 00000000         ; Used in ECE319K Labs 7,8,9,10. You write these two fun
                       ctions
   18 00000000         
   19 00000000         ; ***********SPIOutCommand*****************
   20 00000000         ; This is a helper function that sends an 8-bit command 
                       to the LCD.
   21 00000000         ; Inputs: R0 = 32-bit command (number)
   22 00000000         ;         R1 = 32-bit SPI status register address
   23 00000000         ;         R2 = 32-bit SPI data register address
   24 00000000         ;         R3 = 32-bit GPIO port address for D/C
   25 00000000         ; Outputs: none
   26 00000000         ; Assumes: SPI and GPIO have already been initialized an
                       d enabled
   27 00000000         ; Note: must be AAPCS compliant
   28 00000000         ; Note: access to bit 6 of GPIO must be friendly
   29 00000000         SPIOutCommand
   30 00000000         ; --UUU-- Code to write a command to the LCD
   31 00000000         ;1) Read the SPI status register (R1 has address) and ch
                       eck bit 4, 
   32 00000000         ;2) If bit 4 is high, loop back to step 1 (wait for BUSY
                        bit to be low)
   33 00000000         ;3) Clear D/C (GPIO bit 6) to zero, be friendly (R3 has 
                       address)
   34 00000000         ;4) Write the command to the SPI data register (R2 has a
                       ddress)
   35 00000000         ;5) Read the SPI status register (R1 has address) and ch
                       eck bit 4, 
   36 00000000         ;6) If bit 4 is high, loop back to step 5 (wait for BUSY
                        bit to be low)
   37 00000000 B510            PUSH{R4,         LR}
   38 00000002         
   39 00000002         waitForBusyBitToBeLow
   40 00000002 680C            LDR              R4, [R1]
   41 00000004 F014 0410       ANDS             R4, #0x10
   42 00000008 D1FB            BNE              waitForBusyBitToBeLow
   43 0000000A         
   44 0000000A 681C            LDR              R4, [R3]
   45 0000000C F024 0440       BIC              R4, #0x40
   46 00000010 601C            STR              R4, [R3]



ARM Macro Assembler    Page 2 


   47 00000012         
   48 00000012 6010            STR              R0, [R2]
   49 00000014         
   50 00000014         waitForBusyBitToBeLowAgain
   51 00000014 680C            LDR              R4, [R1]
   52 00000016 F014 0410       ANDS             R4, #0x10
   53 0000001A D1FB            BNE              waitForBusyBitToBeLowAgain
   54 0000001C         
   55 0000001C E8BD 4010       POP{R4,          LR}
   56 00000020 4770            BX               LR          ;   return
   57 00000022         
   58 00000022         
   59 00000022         
   60 00000022         ; ***********SPIOutData*****************
   61 00000022         ; This is a helper function that sends an 8-bit data to 
                       the LCD.
   62 00000022         ; Inputs: R0 = 32-bit data (number)
   63 00000022         ;         R1 = 32-bit SPI status register address
   64 00000022         ;         R2 = 32-bit SPI data register address
   65 00000022         ;         R3 = 32-bit GPIO port address for D/C
   66 00000022         ; Outputs: none
   67 00000022         ; Assumes: SPI and GPIO have already been initialized an
                       d enabled
   68 00000022         ; Note: must be AAPCS compliant
   69 00000022         ; Note: access to bit 6 of GPIO must be friendly
   70 00000022         SPIOutData
   71 00000022         ; --UUU-- Code to write data to the LCD
   72 00000022         ;1) Read the SPI status register (R1 has address) and ch
                       eck bit 1, 
   73 00000022         ;2) If bit 1 is low, loop back to step 1 (wait for TNF b
                       it to be high)
   74 00000022         ;3) Set D/C (GPIO bit 6) to one, be friendly (R3 has add
                       ress)
   75 00000022         ;4) Write the data to the SPI data register (R2 has addr
                       ess)
   76 00000022 B410            PUSH{R4}
   77 00000024         
   78 00000024         waitForTNFbitToBeHigh
   79 00000024 680C            LDR              R4, [R1]
   80 00000026 F014 0402       ANDS             R4, #0x2
   81 0000002A D0FB            BEQ              waitForTNFbitToBeHigh
   82 0000002C         
   83 0000002C 681C            LDR              R4, [R3]
   84 0000002E F044 0440       ORR              R4, #0x40
   85 00000032 601C            STR              R4, [R3]
   86 00000034         
   87 00000034 6010            STR              R0, [R2]
   88 00000036         
   89 00000036 BC10            POP{R4}
   90 00000038 4770            BX               LR          ;return
   91 0000003A         ;****************************************************
   92 0000003A         
   93 0000003A 00 00           ALIGN                        ; make sure the end
                                                             of this section is
                                                             aligned
   94 0000003C                 END                          ; end of file
Command Line: --debug --xref --diag_suppress=9931,A1950W --cpu=Cortex-M4 --fpu=
SoftVFP --depend=.\busywait.d -o.\busywait.o -I.\RTE\_SuperAwesomeFunZombieShoo
terGame -IC:\Users\Home\AppData\Local\Arm\Packs\ARM\CMSIS\5.9.0\CMSIS\Core\Incl



ARM Macro Assembler    Page 3 


ude -IC:\Users\Home\AppData\Local\Arm\Packs\Keil\TM4C_DFP\1.1.0\Device\Include\
TM4C123 --predefine="__UVISION_VERSION SETA 538" --predefine="_RTE_ SETA 1" --p
redefine="TM4C123GH6PM SETA 1" --predefine="_RTE_ SETA 1" --list=.\busywait.lst
 ..\inc\BusyWait.s



ARM Macro Assembler    Page 1 Alphabetic symbol ordering
Relocatable symbols

.text 00000000

Symbol: .text
   Definitions
      At line 14 in file ..\inc\BusyWait.s
   Uses
      None
Comment: .text unused
SPIOutCommand 00000000

Symbol: SPIOutCommand
   Definitions
      At line 29 in file ..\inc\BusyWait.s
   Uses
      At line 11 in file ..\inc\BusyWait.s
Comment: SPIOutCommand used once
SPIOutData 00000022

Symbol: SPIOutData
   Definitions
      At line 70 in file ..\inc\BusyWait.s
   Uses
      At line 12 in file ..\inc\BusyWait.s
Comment: SPIOutData used once
waitForBusyBitToBeLow 00000002

Symbol: waitForBusyBitToBeLow
   Definitions
      At line 39 in file ..\inc\BusyWait.s
   Uses
      At line 42 in file ..\inc\BusyWait.s
Comment: waitForBusyBitToBeLow used once
waitForBusyBitToBeLowAgain 00000014

Symbol: waitForBusyBitToBeLowAgain
   Definitions
      At line 50 in file ..\inc\BusyWait.s
   Uses
      At line 53 in file ..\inc\BusyWait.s
Comment: waitForBusyBitToBeLowAgain used once
waitForTNFbitToBeHigh 00000024

Symbol: waitForTNFbitToBeHigh
   Definitions
      At line 78 in file ..\inc\BusyWait.s
   Uses
      At line 81 in file ..\inc\BusyWait.s
Comment: waitForTNFbitToBeHigh used once
6 symbols
339 symbols in table
