Component: Arm Compiler for Embedded 6.19 Tool: armlink [5e73cb00]

==============================================================================

Section Cross References

    startup.o(STACK) refers (Special) to heapauxi.o(.text) for __use_two_region_memory
    startup.o(HEAP) refers (Special) to heapauxi.o(.text) for __use_two_region_memory
    startup.o(RESET) refers (Special) to heapauxi.o(.text) for __use_two_region_memory
    startup.o(RESET) refers to startup.o(STACK) for StackMem
    startup.o(RESET) refers to superawesomefunzombieshootergame.o(.text.GPIOPortE_Handler) for GPIOPortE_Handler
    startup.o(RESET) refers to timer1.o(.text.Timer1A_Handler) for Timer1A_Handler
    startup.o(RESET) refers to wave.o(.text.Timer2A_Handler) for Timer2A_Handler
    startup.o(RESET) refers to texas.o(.text.Timer5A_Handler) for Timer5A_Handler
    startup.o(RESET) refers to __main.o(!!!main) for __main
    startup.o(.text) refers (Special) to heapauxi.o(.text) for __use_two_region_memory
    startup.o(.text) refers to startup.o(HEAP) for HeapMem
    startup.o(.text) refers to startup.o(STACK) for StackMem
    random.o(.text) refers to random.o(DATA) for M
    timer0.o(.ARM.exidx.text.Timer0_Init) refers to timer0.o(.text.Timer0_Init) for [Anonymous Symbol]
    timer1.o(.text.Timer1_Init) refers to timer1.o(.bss.Timer1A_Task) for Timer1A_Task
    timer1.o(.ARM.exidx.text.Timer1_Init) refers to timer1.o(.text.Timer1_Init) for [Anonymous Symbol]
    timer1.o(.text.Timer1A_Handler) refers to timer1.o(.bss.Timer1A_Task) for Timer1A_Task
    timer1.o(.ARM.exidx.text.Timer1A_Handler) refers to timer1.o(.text.Timer1A_Handler) for [Anonymous Symbol]
    texas.o(.ARM.exidx.text.Scope) refers to texas.o(.text.Scope) for [Anonymous Symbol]
    texas.o(.ARM.exidx.text.LogicAnalyzerA) refers to texas.o(.text.LogicAnalyzerA) for [Anonymous Symbol]
    texas.o(.ARM.exidx.text.LogicAnalyzerB) refers to texas.o(.text.LogicAnalyzerB) for [Anonymous Symbol]
    texas.o(.ARM.exidx.text.LogicAnalyzerC) refers to texas.o(.text.LogicAnalyzerC) for [Anonymous Symbol]
    texas.o(.ARM.exidx.text.LogicAnalyzerE) refers to texas.o(.text.LogicAnalyzerE) for [Anonymous Symbol]
    texas.o(.ARM.exidx.text.LogicAnalyzerF) refers to texas.o(.text.LogicAnalyzerF) for [Anonymous Symbol]
    texas.o(.text.PeriodicTask2_Init) refers to texas.o(.bss.PeriodicTask2) for PeriodicTask2
    texas.o(.ARM.exidx.text.PeriodicTask2_Init) refers to texas.o(.text.PeriodicTask2_Init) for [Anonymous Symbol]
    texas.o(.text.Timer5A_Handler) refers to texas.o(.bss.PeriodicTask2) for PeriodicTask2
    texas.o(.ARM.exidx.text.Timer5A_Handler) refers to texas.o(.text.Timer5A_Handler) for [Anonymous Symbol]
    texas.o(.ARM.exidx.text.PeriodicTask2_Stop) refers to texas.o(.text.PeriodicTask2_Stop) for [Anonymous Symbol]
    texas.o(.ARM.exidx.text.UART0_Init) refers to texas.o(.text.UART0_Init) for [Anonymous Symbol]
    texas.o(.ARM.exidx.text.UART0_InChar) refers to texas.o(.text.UART0_InChar) for [Anonymous Symbol]
    texas.o(.ARM.exidx.text.UART0_OutChar) refers to texas.o(.text.UART0_OutChar) for [Anonymous Symbol]
    texas.o(.text.UART0_OutString) refers to texas.o(.text.UART0_OutChar) for UART0_OutChar
    texas.o(.ARM.exidx.text.UART0_OutString) refers to texas.o(.text.UART0_OutString) for [Anonymous Symbol]
    texas.o(.ARM.exidx.text.ADC1_Init) refers to texas.o(.text.ADC1_Init) for [Anonymous Symbol]
    texas.o(.text.TExaS_Init) refers to startup.o(.text) for DisableInterrupts
    texas.o(.text.TExaS_Init) refers to pll.o(.text.PLL_Init) for PLL_Init
    texas.o(.text.TExaS_Init) refers to texas.o(.text.UART0_Init) for UART0_Init
    texas.o(.text.TExaS_Init) refers to texas.o(.text.LogicAnalyzerA) for LogicAnalyzerA
    texas.o(.text.TExaS_Init) refers to texas.o(.text.PeriodicTask2_Init) for PeriodicTask2_Init
    texas.o(.text.TExaS_Init) refers to texas.o(.text.LogicAnalyzerB) for LogicAnalyzerB
    texas.o(.text.TExaS_Init) refers to texas.o(.text.LogicAnalyzerC) for LogicAnalyzerC
    texas.o(.text.TExaS_Init) refers to texas.o(.text.LogicAnalyzerE) for LogicAnalyzerE
    texas.o(.text.TExaS_Init) refers to texas.o(.text.LogicAnalyzerF) for LogicAnalyzerF
    texas.o(.text.TExaS_Init) refers to texas.o(.text.ADC1_Init) for ADC1_Init
    texas.o(.text.TExaS_Init) refers to texas.o(.text.Scope) for Scope
    texas.o(.ARM.exidx.text.TExaS_Init) refers to texas.o(.text.TExaS_Init) for [Anonymous Symbol]
    texas.o(.text.TExaS_Stop) refers to texas.o(.text.PeriodicTask2_Stop) for PeriodicTask2_Stop
    texas.o(.ARM.exidx.text.TExaS_Stop) refers to texas.o(.text.TExaS_Stop) for [Anonymous Symbol]
    adc.o(.ARM.exidx.text.ADC_Init) refers to adc.o(.text.ADC_Init) for [Anonymous Symbol]
    adc.o(.ARM.exidx.text.ADC_In) refers to adc.o(.text.ADC_In) for [Anonymous Symbol]
    dac.o(.ARM.exidx.text.DAC_Init) refers to dac.o(.text.DAC_Init) for [Anonymous Symbol]
[...]
    [Anonymous Symbol]                       0x200005a4   Section        0  zombie_mechanics.o(.bss.zombies_LoadedIn)
    HeapMem                                  0x200005a8   Data           0  startup.o(HEAP)
    StackMem                                 0x200005a8   Data           0  startup.o(STACK)
    HEAP                                     0x200005a8   Section        0  startup.o(HEAP)
    STACK                                    0x200005a8   Section     1024  startup.o(STACK)

    Global Symbols

    Symbol Name                              Value     Ov Type        Size  Object(Section)

    BuildAttributes$$THM_ISAv4$E$P$D$K$B$S$7EM$PE$A:L22UL41UL21$X:L11$S22US41US21$IEEE1$IW$~IW$USESV6$~STKCKD$USESV7$~SHL$OTIME$ROPI$IEEEJ$EBA8$UX$STANDARDLIB$REQ8$EABIv2 0x00000000   Number         0  anon$$obj.o ABSOLUTE
    __Vectors                                0x00000000   Data           0  startup.o(RESET)
    __fp_init_empty                          0x00000000   Number         0  fpinit_empty.o ABSOLUTE
    _printf_flags                            0x00000000   Number         0  printf_stubs.o ABSOLUTE
    _printf_return_value                     0x00000000   Number         0  printf_stubs.o ABSOLUTE
    _printf_sizespec                         0x00000000   Number         0  printf_stubs.o ABSOLUTE
    _printf_widthprec                        0x00000000   Number         0  printf_stubs.o ABSOLUTE
    __ARM_exceptions_init                     - Undefined Weak Reference
    __alloca_initialize                       - Undefined Weak Reference
    __arm_preinit_                            - Undefined Weak Reference
    __arm_relocate_pie_                       - Undefined Weak Reference
    __cpp_initialize__aeabi_                  - Undefined Weak Reference
    __cxa_finalize                            - Undefined Weak Reference
    __decompress                              - Undefined Weak Reference
    __sigvec_lookup                           - Undefined Weak Reference
    _atexit_init                              - Undefined Weak Reference
    _call_atexit_fns                          - Undefined Weak Reference
    _clock_init                               - Undefined Weak Reference
    _fp_trap_init                             - Undefined Weak Reference
    _fp_trap_shutdown                         - Undefined Weak Reference
    _get_lc_collate                           - Undefined Weak Reference
    _get_lc_monetary                          - Undefined Weak Reference
    _get_lc_time                              - Undefined Weak Reference
    _getenv_init                              - Undefined Weak Reference
    _handle_redirection                       - Undefined Weak Reference
    _init_alloc                               - Undefined Weak Reference
    _init_user_alloc                          - Undefined Weak Reference
    _initio                                   - Undefined Weak Reference
    _printf_mbtowc                            - Undefined Weak Reference
    _printf_wc                                - Undefined Weak Reference
    _signal_finish                            - Undefined Weak Reference
    _signal_init                              - Undefined Weak Reference
    _terminate_alloc                          - Undefined Weak Reference
    _terminate_user_alloc                     - Undefined Weak Reference
    _terminateio                              - Undefined Weak Reference
    Reset_Handler                            0x0000026d   Thumb Code     0  startup.o(RESET)
    NMI_Handler                              0x00000271   Thumb Code     2  startup.o(RESET)
    HardFault_Handler                        0x00000273   Thumb Code     2  startup.o(RESET)
    MemManage_Handler                        0x00000275   Thumb Code     2  startup.o(RESET)
    BusFault_Handler                         0x00000277   Thumb Code     2  startup.o(RESET)
    UsageFault_Handler                       0x00000279   Thumb Code     2  startup.o(RESET)
    SVC_Handler                              0x0000027b   Thumb Code     2  startup.o(RESET)
    DebugMon_Handler                         0x0000027d   Thumb Code     2  startup.o(RESET)
    PendSV_Handler                           0x0000027f   Thumb Code     2  startup.o(RESET)
    SysTick_Handler                          0x00000281   Thumb Code     2  startup.o(RESET)
    ADC0Seq0_Handler                         0x00000283   Thumb Code     0  startup.o(RESET)
    ADC0Seq1_Handler                         0x00000283   Thumb Code     0  startup.o(RESET)
    ADC0Seq2_Handler                         0x00000283   Thumb Code     0  startup.o(RESET)
    ADC0Seq3_Handler                         0x00000283   Thumb Code     0  startup.o(RESET)
    ADC1Seq0_Handler                         0x00000283   Thumb Code     0  startup.o(RESET)
    ADC1Seq1_Handler                         0x00000283   Thumb Code     0  startup.o(RESET)
    ADC1Seq2_Handler                         0x00000283   Thumb Code     0  startup.o(RESET)
    ADC1Seq3_Handler                         0x00000283   Thumb Code     0  startup.o(RESET)
    CAN0_Handler                             0x00000283   Thumb Code     0  startup.o(RESET)
    CAN1_Handler                             0x00000283   Thumb Code     0  startup.o(RESET)
    CAN2_Handler                             0x00000283   Thumb Code     0  startup.o(RESET)
    Comp0_Handler                            0x00000283   Thumb Code     0  startup.o(RESET)
    Comp1_Handler                            0x00000283   Thumb Code     0  startup.o(RESET)
    Comp2_Handler                            0x00000283   Thumb Code     0  startup.o(RESET)
    Ethernet_Handler                         0x00000283   Thumb Code     0  startup.o(RESET)
    ExtBus_Handler                           0x00000283   Thumb Code     0  startup.o(RESET)
    FPU_Handler                              0x00000283   Thumb Code     0  startup.o(RESET)
    Fan0_Handler                             0x00000283   Thumb Code     0  startup.o(RESET)
    FlashCtl_Handler                         0x00000283   Thumb Code     0  startup.o(RESET)
    GPIOPortA_Handler                        0x00000283   Thumb Code     0  startup.o(RESET)
    GPIOPortB_Handler                        0x00000283   Thumb Code     0  startup.o(RESET)
    GPIOPortC_Handler                        0x00000283   Thumb Code     0  startup.o(RESET)
    GPIOPortD_Handler                        0x00000283   Thumb Code     0  startup.o(RESET)
    GPIOPortF_Handler                        0x00000283   Thumb Code     0  startup.o(RESET)
    GPIOPortG_Handler                        0x00000283   Thumb Code     0  startup.o(RESET)
    GPIOPortH_Handler                        0x00000283   Thumb Code     0  startup.o(RESET)
    GPIOPortJ_Handler                        0x00000283   Thumb Code     0  startup.o(RESET)
    GPIOPortK_Handler                        0x00000283   Thumb Code     0  startup.o(RESET)
    GPIOPortL_Handler                        0x00000283   Thumb Code     0  startup.o(RESET)
    GPIOPortM_Handler                        0x00000283   Thumb Code     0  startup.o(RESET)
    GPIOPortN_Handler                        0x00000283   Thumb Code     0  startup.o(RESET)
    GPIOPortP1_Handler                       0x00000283   Thumb Code     0  startup.o(RESET)
    GPIOPortP2_Handler                       0x00000283   Thumb Code     0  startup.o(RESET)
    GPIOPortP3_Handler                       0x00000283   Thumb Code     0  startup.o(RESET)
    GPIOPortP4_Handler                       0x00000283   Thumb Code     0  startup.o(RESET)
    GPIOPortP5_Handler                       0x00000283   Thumb Code     0  startup.o(RESET)
    GPIOPortP6_Handler                       0x00000283   Thumb Code     0  startup.o(RESET)
    GPIOPortP7_Handler                       0x00000283   Thumb Code     0  startup.o(RESET)
    GPIOPortP_Handler                        0x00000283   Thumb Code     0  startup.o(RESET)
    GPIOPortQ1_Handler                       0x00000283   Thumb Code     0  startup.o(RESET)
    GPIOPortQ2_Handler                       0x00000283   Thumb Code     0  startup.o(RESET)
    GPIOPortQ3_Handler                       0x00000283   Thumb Code     0  startup.o(RESET)
    GPIOPortQ4_Handler                       0x00000283   Thumb Code     0  startup.o(RESET)
    GPIOPortQ5_Handler                       0x00000283   Thumb Code     0  startup.o(RESET)
    GPIOPortQ6_Handler                       0x00000283   Thumb Code     0  startup.o(RESET)
    GPIOPortQ7_Handler                       0x00000283   Thumb Code     0  startup.o(RESET)
    GPIOPortQ_Handler                        0x00000283   Thumb Code     0  startup.o(RESET)
    GPIOPortR_Handler                        0x00000283   Thumb Code     0  startup.o(RESET)
    GPIOPortS_Handler                        0x00000283   Thumb Code     0  startup.o(RESET)
    Hibernate_Handler                        0x00000283   Thumb Code     0  startup.o(RESET)
    I2C0_Handler                             0x00000283   Thumb Code     0  startup.o(RESET)
    I2C1_Handler                             0x00000283   Thumb Code     0  startup.o(RESET)
    I2C2_Handler                             0x00000283   Thumb Code     0  startup.o(RESET)
    I2C3_Handler                             0x00000283   Thumb Code     0  startup.o(RESET)
    I2C4_Handler                             0x00000283   Thumb Code     0  startup.o(RESET)
    I2C5_Handler                             0x00000283   Thumb Code     0  startup.o(RESET)
    I2S0_Handler                             0x00000283   Thumb Code     0  startup.o(RESET)
    LPC0_Handler                             0x00000283   Thumb Code     0  startup.o(RESET)
    PECI0_Handler                            0x00000283   Thumb Code     0  startup.o(RESET)
    PWM0Fault_Handler                        0x00000283   Thumb Code     0  startup.o(RESET)
    PWM0Generator0_Handler                   0x00000283   Thumb Code     0  startup.o(RESET)
    PWM0Generator1_Handler                   0x00000283   Thumb Code     0  startup.o(RESET)
    PWM0Generator2_Handler                   0x00000283   Thumb Code     0  startup.o(RESET)
    PWM0Generator3_Handler                   0x00000283   Thumb Code     0  startup.o(RESET)
    PWM1Fault_Handler                        0x00000283   Thumb Code     0  startup.o(RESET)
    PWM1Generator0_Handler                   0x00000283   Thumb Code     0  startup.o(RESET)
    PWM1Generator1_Handler                   0x00000283   Thumb Code     0  startup.o(RESET)
    PWM1Generator2_Handler                   0x00000283   Thumb Code     0  startup.o(RESET)
    PWM1Generator3_Handler                   0x00000283   Thumb Code     0  startup.o(RESET)
    Quadrature0_Handler                      0x00000283   Thumb Code     0  startup.o(RESET)
    Quadrature1_Handler                      0x00000283   Thumb Code     0  startup.o(RESET)
    Quadrature2_Handler                      0x00000283   Thumb Code     0  startup.o(RESET)
    SSI0_Handler                             0x00000283   Thumb Code     0  startup.o(RESET)
    SSI1_Handler                             0x00000283   Thumb Code     0  startup.o(RESET)
    SSI2_Handler                             0x00000283   Thumb Code     0  startup.o(RESET)
    SSI3_Handler                             0x00000283   Thumb Code     0  startup.o(RESET)
    SysCtl_Handler                           0x00000283   Thumb Code     0  startup.o(RESET)
    Timer0A_Handler                          0x00000283   Thumb Code     0  startup.o(RESET)
    Timer0B_Handler                          0x00000283   Thumb Code     0  startup.o(RESET)
    Timer1B_Handler                          0x00000283   Thumb Code     0  startup.o(RESET)
    Timer2B_Handler                          0x00000283   Thumb Code     0  startup.o(RESET)
    Timer3A_Handler                          0x00000283   Thumb Code     0  startup.o(RESET)
    Timer3B_Handler                          0x00000283   Thumb Code     0  startup.o(RESET)
    Timer4A_Handler                          0x00000283   Thumb Code     0  startup.o(RESET)
    Timer4B_Handler                          0x00000283   Thumb Code     0  startup.o(RESET)
    Timer5B_Handler                          0x00000283   Thumb Code     0  startup.o(RESET)
    UART0_Handler                            0x00000283   Thumb Code     0  startup.o(RESET)
    UART1_Handler                            0x00000283   Thumb Code     0  startup.o(RESET)
    UART2_Handler                            0x00000283   Thumb Code     0  startup.o(RESET)
    UART3_Handler                            0x00000283   Thumb Code     0  startup.o(RESET)
    UART4_Handler                            0x00000283   Thumb Code     0  startup.o(RESET)
    UART5_Handler                            0x00000283   Thumb Code     0  startup.o(RESET)
    UART6_Handler                            0x00000283   Thumb Code     0  startup.o(RESET)
    UART7_Handler                            0x00000283   Thumb Code     0  startup.o(RESET)
    USB0_Handler                             0x00000283   Thumb Code     0  startup.o(RESET)
    WDT_Handler                              0x00000283   Thumb Code     0  startup.o(RESET)
    WideTimer0A_Handler                      0x00000283   Thumb Code     0  startup.o(RESET)
    WideTimer0B_Handler                      0x00000283   Thumb Code     0  startup.o(RESET)
    WideTimer1A_Handler                      0x00000283   Thumb Code     0  startup.o(RESET)
    WideTimer1B_Handler                      0x00000283   Thumb Code     0  startup.o(RESET)
    WideTimer2A_Handler                      0x00000283   Thumb Code     0  startup.o(RESET)
    WideTimer2B_Handler                      0x00000283   Thumb Code     0  startup.o(RESET)
    WideTimer3A_Handler                      0x00000283   Thumb Code     0  startup.o(RESET)
    WideTimer3B_Handler                      0x00000283   Thumb Code     0  startup.o(RESET)
    WideTimer4A_Handler                      0x00000283   Thumb Code     0  startup.o(RESET)
    WideTimer4B_Handler                      0x00000283   Thumb Code     0  startup.o(RESET)
    WideTimer5A_Handler                      0x00000283   Thumb Code     0  startup.o(RESET)
    WideTimer5B_Handler                      0x00000283   Thumb Code     0  startup.o(RESET)
    uDMA_Error                               0x00000283   Thumb Code     0  startup.o(RESET)
    uDMA_Handler                             0x00000283   Thumb Code     0  startup.o(RESET)
    __main                                   0x00000285   Thumb Code     8  __main.o(!!!main)
    __scatterload                            0x0000028d   Thumb Code     0  __scatter.o(!!!scatter)
    __scatterload_rt2                        0x0000028d   Thumb Code    44  __scatter.o(!!!scatter)
    __scatterload_rt2_thumb_only             0x0000028d   Thumb Code     0  __scatter.o(!!!scatter)
    __scatterload_null                       0x0000029b   Thumb Code     0  __scatter.o(!!!scatter)
    __scatterload_copy                       0x000002c1   Thumb Code    26  __scatter_copy.o(!!handler_copy)
    __scatterload_zeroinit                   0x000002dd   Thumb Code    28  __scatter_zi.o(!!handler_zi)
    _printf_n                                0x000002f9   Thumb Code     0  _printf_n.o(.ARM.Collect$$_printf_percent$$00000001)
    _printf_percent                          0x000002f9   Thumb Code     0  _printf_percent.o(.ARM.Collect$$_printf_percent$$00000000)
    _printf_p                                0x000002ff   Thumb Code     0  _printf_p.o(.ARM.Collect$$_printf_percent$$00000002)
    _printf_f                                0x00000305   Thumb Code     0  _printf_f.o(.ARM.Collect$$_printf_percent$$00000003)
    _printf_e                                0x0000030b   Thumb Code     0  _printf_e.o(.ARM.Collect$$_printf_percent$$00000004)
    _printf_g                                0x00000311   Thumb Code     0  _printf_g.o(.ARM.Collect$$_printf_percent$$00000005)
    _printf_a                                0x00000317   Thumb Code     0  _printf_a.o(.ARM.Collect$$_printf_percent$$00000006)
    _printf_ll                               0x0000031d   Thumb Code     0  _printf_ll.o(.ARM.Collect$$_printf_percent$$00000007)
    _printf_i                                0x00000327   Thumb Code     0  _printf_i.o(.ARM.Collect$$_printf_percent$$00000008)
    _printf_d                                0x0000032d   Thumb Code     0  _printf_d.o(.ARM.Collect$$_printf_percent$$00000009)
    _printf_u                                0x00000333   Thumb Code     0  _printf_u.o(.ARM.Collect$$_printf_percent$$0000000A)
    _printf_o                                0x00000339   Thumb Code     0  _printf_o.o(.ARM.Collect$$_printf_percent$$0000000B)
    _printf_x                                0x0000033f   Thumb Code     0  _printf_x.o(.ARM.Collect$$_printf_percent$$0000000C)
    _printf_lli                              0x00000345   Thumb Code     0  _printf_lli.o(.ARM.Collect$$_printf_percent$$0000000D)
    _printf_lld                              0x0000034b   Thumb Code     0  _printf_lld.o(.ARM.Collect$$_printf_percent$$0000000E)
    _printf_llu                              0x00000351   Thumb Code     0  _printf_llu.o(.ARM.Collect$$_printf_percent$$0000000F)
    _printf_llo                              0x00000357   Thumb Code     0  _printf_llo.o(.ARM.Collect$$_printf_percent$$00000010)
    _printf_llx                              0x0000035d   Thumb Code     0  _printf_llx.o(.ARM.Collect$$_printf_percent$$00000011)
    _printf_l                                0x00000363   Thumb Code     0  _printf_l.o(.ARM.Collect$$_printf_percent$$00000012)
    _printf_c                                0x0000036d   Thumb Code     0  _printf_c.o(.ARM.Collect$$_printf_percent$$00000013)
    _printf_s                                0x00000373   Thumb Code     0  _printf_s.o(.ARM.Collect$$_printf_percent$$00000014)
    _printf_lc                               0x00000379   Thumb Code     0  _printf_lc.o(.ARM.Collect$$_printf_percent$$00000015)
    _printf_ls                               0x0000037f   Thumb Code     0  _printf_ls.o(.ARM.Collect$$_printf_percent$$00000016)
    _printf_percent_end                      0x00000385   Thumb Code     0  _printf_percent_end.o(.ARM.Collect$$_printf_percent$$00000017)
    __rt_lib_init                            0x00000389   Thumb Code     0  libinit.o(.ARM.Collect$$libinit$$00000000)
    __rt_lib_init_fp_1                       0x0000038b   Thumb Code     0  libinit2.o(.ARM.Collect$$libinit$$00000002)
    __rt_lib_init_heap_1                     0x0000038b   Thumb Code     0  libinit2.o(.ARM.Collect$$libinit$$0000000C)
    __rt_lib_init_preinit_1                  0x0000038b   Thumb Code     0  libinit2.o(.ARM.Collect$$libinit$$00000006)
    __rt_lib_init_rand_2                     0x0000038b   Thumb Code     0  libinit2.o(.ARM.Collect$$libinit$$0000000F)
    __rt_lib_init_relocate_pie_1             0x0000038b   Thumb Code     0  libinit2.o(.ARM.Collect$$libinit$$00000004)
    __rt_lib_init_user_alloc_1               0x0000038b   Thumb Code     0  libinit2.o(.ARM.Collect$$libinit$$0000000E)
    __rt_lib_init_lc_common                  0x0000038f   Thumb Code     0  libinit2.o(.ARM.Collect$$libinit$$00000011)
    __rt_lib_init_rand_1                     0x0000038f   Thumb Code     0  libinit2.o(.ARM.Collect$$libinit$$00000010)
    __rt_lib_init_lc_collate_1               0x00000395   Thumb Code     0  libinit2.o(.ARM.Collect$$libinit$$00000013)
    __rt_lib_init_lc_ctype_2                 0x00000395   Thumb Code     0  libinit2.o(.ARM.Collect$$libinit$$00000014)
    __rt_lib_init_lc_ctype_1                 0x000003a1   Thumb Code     0  libinit2.o(.ARM.Collect$$libinit$$00000015)
    __rt_lib_init_lc_monetary_1              0x000003a1   Thumb Code     0  libinit2.o(.ARM.Collect$$libinit$$00000017)
    __rt_lib_init_lc_numeric_2               0x000003a1   Thumb Code     0  libinit2.o(.ARM.Collect$$libinit$$00000018)
    __rt_lib_init_alloca_1                   0x000003ab   Thumb Code     0  libinit2.o(.ARM.Collect$$libinit$$00000030)
    __rt_lib_init_argv_1                     0x000003ab   Thumb Code     0  libinit2.o(.ARM.Collect$$libinit$$0000002E)
    __rt_lib_init_atexit_1                   0x000003ab   Thumb Code     0  libinit2.o(.ARM.Collect$$libinit$$0000001D)
    __rt_lib_init_clock_1                    0x000003ab   Thumb Code     0  libinit2.o(.ARM.Collect$$libinit$$00000023)
    __rt_lib_init_cpp_1                      0x000003ab   Thumb Code     0  libinit2.o(.ARM.Collect$$libinit$$00000034)
    __rt_lib_init_exceptions_1               0x000003ab   Thumb Code     0  libinit2.o(.ARM.Collect$$libinit$$00000032)
    __rt_lib_init_fp_trap_1                  0x000003ab   Thumb Code     0  libinit2.o(.ARM.Collect$$libinit$$00000021)
    __rt_lib_init_getenv_1                   0x000003ab   Thumb Code     0  libinit2.o(.ARM.Collect$$libinit$$00000025)
    __rt_lib_init_lc_numeric_1               0x000003ab   Thumb Code     0  libinit2.o(.ARM.Collect$$libinit$$00000019)
    __rt_lib_init_lc_time_1                  0x000003ab   Thumb Code     0  libinit2.o(.ARM.Collect$$libinit$$0000001B)
    __rt_lib_init_return                     0x000003ab   Thumb Code     0  libinit2.o(.ARM.Collect$$libinit$$00000035)
    __rt_lib_init_signal_1                   0x000003ab   Thumb Code     0  libinit2.o(.ARM.Collect$$libinit$$0000001F)
    __rt_lib_init_stdio_1                    0x000003ab   Thumb Code     0  libinit2.o(.ARM.Collect$$libinit$$00000027)
    __rt_lib_shutdown                        0x000003ad   Thumb Code     0  libshutdown.o(.ARM.Collect$$libshutdown$$00000000)
    __rt_lib_shutdown_cpp_1                  0x000003af   Thumb Code     0  libshutdown2.o(.ARM.Collect$$libshutdown$$00000002)
    __rt_lib_shutdown_fp_trap_1              0x000003af   Thumb Code     0  libshutdown2.o(.ARM.Collect$$libshutdown$$00000007)
    __rt_lib_shutdown_heap_1                 0x000003af   Thumb Code     0  libshutdown2.o(.ARM.Collect$$libshutdown$$0000000F)
    __rt_lib_shutdown_return                 0x000003af   Thumb Code     0  libshutdown2.o(.ARM.Collect$$libshutdown$$00000010)
    __rt_lib_shutdown_signal_1               0x000003af   Thumb Code     0  libshutdown2.o(.ARM.Collect$$libshutdown$$0000000A)
    __rt_lib_shutdown_stdio_1                0x000003af   Thumb Code     0  libshutdown2.o(.ARM.Collect$$libshutdown$$00000004)
    __rt_lib_shutdown_user_alloc_1           0x000003af   Thumb Code     0  libshutdown2.o(.ARM.Collect$$libshutdown$$0000000C)
    __rt_entry                               0x000003b1   Thumb Code     0  __rtentry.o(.ARM.Collect$$rtentry$$00000000)
    __rt_entry_presh_1                       0x000003b1   Thumb Code     0  __rtentry2.o(.ARM.Collect$$rtentry$$00000002)
    __rt_entry_sh                            0x000003b1   Thumb Code     0  __rtentry4.o(.ARM.Collect$$rtentry$$00000004)
    __rt_entry_li                            0x000003b7   Thumb Code     0  __rtentry2.o(.ARM.Collect$$rtentry$$0000000A)
    __rt_entry_postsh_1                      0x000003b7   Thumb Code     0  __rtentry2.o(.ARM.Collect$$rtentry$$00000009)
    __rt_entry_main                          0x000003bb   Thumb Code     0  __rtentry2.o(.ARM.Collect$$rtentry$$0000000D)
    __rt_entry_postli_1                      0x000003bb   Thumb Code     0  __rtentry2.o(.ARM.Collect$$rtentry$$0000000C)
    __rt_exit                                0x000003c3   Thumb Code     0  rtexit.o(.ARM.Collect$$rtexit$$00000000)
    __rt_exit_ls                             0x000003c5   Thumb Code     0  rtexit2.o(.ARM.Collect$$rtexit$$00000003)
    __rt_exit_prels_1                        0x000003c5   Thumb Code     0  rtexit2.o(.ARM.Collect$$rtexit$$00000002)
    __rt_exit_exit                           0x000003c9   Thumb Code     0  rtexit2.o(.ARM.Collect$$rtexit$$00000004)
    rand                                     0x000003d1   Thumb Code    48  rand.o(.emb_text)
    DisableInterrupts                        0x00000405   Thumb Code     0  startup.o(.text)
    EnableInterrupts                         0x00000409   Thumb Code     0  startup.o(.text)
    StartCritical                            0x0000040d   Thumb Code     0  startup.o(.text)
    EndCritical                              0x00000415   Thumb Code     0  startup.o(.text)
    WaitForInterrupt                         0x0000041b   Thumb Code     0  startup.o(.text)
    __user_initial_stackheap                 0x0000041f   Thumb Code     0  startup.o(.text)
    SPIOutCommand                            0x00000435   Thumb Code     0  busywait.o(.text)
    SPIOutData                               0x00000457   Thumb Code     0  busywait.o(.text)
    sprintf                                  0x00000471   Thumb Code    38  sprintf.o(.text)
    srand                                    0x0000049d   Thumb Code    42  rand.o(.text)
    _rand_init                               0x000004c7   Thumb Code     4  rand.o(.text)
    __use_two_region_memory                  0x000004d9   Thumb Code     2  heapauxi.o(.text)
    __rt_heap_escrow$2region                 0x000004db   Thumb Code     2  heapauxi.o(.text)
    __rt_heap_expand$2region                 0x000004dd   Thumb Code     2  heapauxi.o(.text)
    _printf_pre_padding                      0x000004df   Thumb Code    44  _printf_pad.o(.text)
    _printf_post_padding                     0x0000050b   Thumb Code    34  _printf_pad.o(.text)
    _printf_truncate_signed                  0x0000052d   Thumb Code    18  _printf_truncate.o(.text)
    _printf_truncate_unsigned                0x0000053f   Thumb Code    18  _printf_truncate.o(.text)
    _printf_str                              0x00000551   Thumb Code    82  _printf_str.o(.text)
    _printf_int_dec                          0x000005a5   Thumb Code   104  _printf_dec.o(.text)
    _printf_charcount                        0x0000061d   Thumb Code    40  _printf_charcount.o(.text)
    _printf_char_common                      0x0000064f   Thumb Code    32  _printf_char_common.o(.text)
    _sputc                                   0x00000675   Thumb Code    10  _sputc.o(.text)
    _printf_wctomb                           0x00000681   Thumb Code   182  _printf_wctomb.o(.text)
    _printf_longlong_dec                     0x0000073d   Thumb Code   108  _printf_longlong_dec.o(.text)
    _printf_longlong_oct                     0x000007b9   Thumb Code    68  _printf_oct_int_ll.o(.text)
    _printf_int_oct                          0x000007fd   Thumb Code    24  _printf_oct_int_ll.o(.text)
    _printf_ll_oct                           0x00000815   Thumb Code    12  _printf_oct_int_ll.o(.text)
    _printf_longlong_hex                     0x00000829   Thumb Code    86  _printf_hex_int_ll_ptr.o(.text)
    _printf_int_hex                          0x0000087f   Thumb Code    28  _printf_hex_int_ll_ptr.o(.text)
    _printf_ll_hex                           0x0000089b   Thumb Code    12  _printf_hex_int_ll_ptr.o(.text)
    _printf_hex_ptr                          0x000008a7   Thumb Code    18  _printf_hex_int_ll_ptr.o(.text)
    __printf                                 0x000008bd   Thumb Code   388  __printf_flags_ss_wp.o(.text)
    _ll_udiv10                               0x00000a45   Thumb Code   138  lludiv10.o(.text)
    _printf_int_common                       0x00000acf   Thumb Code   178  _printf_intcommon.o(.text)
    _printf_fp_dec_real                      0x00000d31   Thumb Code   620  _printf_fp_dec.o(.text)
    _printf_fp_hex_real                      0x00000f9d   Thumb Code   756  _printf_fp_hex.o(.text)
    _printf_cs_common                        0x00001299   Thumb Code    20  _printf_char.o(.text)
    _printf_char                             0x000012ad   Thumb Code    16  _printf_char.o(.text)
    _printf_string                           0x000012bd   Thumb Code     8  _printf_char.o(.text)
    _printf_lcs_common                       0x000012c5   Thumb Code    20  _printf_wchar.o(.text)
    _printf_wchar                            0x000012d9   Thumb Code    16  _printf_wchar.o(.text)
    _printf_wstring                          0x000012e9   Thumb Code     8  _printf_wchar.o(.text)
    _c16rtomb                                0x000012f1   Thumb Code    72  _c16rtomb.o(.text)
    _wcrtomb                                 0x000012f1   Thumb Code     0  _c16rtomb.o(.text)
    __user_setup_stackheap                   0x00001339   Thumb Code    74  sys_stackheap_outer.o(.text)
    __rt_ctype_table                         0x00001385   Thumb Code    16  rt_ctype_table.o(.text)
    __rt_locale                              0x00001395   Thumb Code     8  rt_locale_intlibspace.o(.text)
    _printf_fp_infnan                        0x0000139d   Thumb Code   112  _printf_fp_infnan.o(.text)
    _btod_etento                             0x0000141d   Thumb Code   224  bigflt0.o(.text)
    exit                                     0x00001501   Thumb Code    18  exit.o(.text)
    __user_libspace                          0x00001515   Thumb Code     8  libspace.o(.text)
    __user_perproc_libspace                  0x00001515   Thumb Code     0  libspace.o(.text)
    __user_perthread_libspace                0x00001515   Thumb Code     0  libspace.o(.text)
    strcmp                                   0x00001521   Thumb Code   124  strcmpv7em.o(.text)
    __I$use$semihosting                      0x0000159d   Thumb Code     0  use_no_semi.o(.text)
    __use_no_semihosting_swi                 0x0000159d   Thumb Code     2  use_no_semi.o(.text)
    __semihosting_library_function           0x0000159f   Thumb Code     0  indicate_semi.o(.text)
    _sys_exit                                0x000015a1   Thumb Code     8  sys_exit.o(.text)
    ADC1_Init                                0x000015ad   Thumb Code   252  texas.o(.text.ADC1_Init)
    ADC_In89                                 0x000016a9   Thumb Code    82  adcswtrigger.o(.text.ADC_In89)
    ADC_Init89                               0x000016fd   Thumb Code   244  adcswtrigger.o(.text.ADC_Init89)
    Buttons                                  0x000017f1   Thumb Code   130  superawesomefunzombieshootergame.o(.text.Buttons)
    DAC_Init                                 0x00001875   Thumb Code    88  dac.o(.text.DAC_Init)
    Delay100ms                               0x000018cd   Thumb Code    38  superawesomefunzombieshootergame.o(.text.Delay100ms)
    Delay1ms                                 0x000018f5   Thumb Code    46  st7735.o(.text.Delay1ms)
    DrawSprite                               0x00001925   Thumb Code   196  sprites.o(.text.DrawSprite)
    EndGameInit                              0x000019e9   Thumb Code    88  sprites.o(.text.EndGameInit)
    EraseSprite                              0x00001a41   Thumb Code   128  sprites.o(.text.EraseSprite)
    GPIOPortE_Handler                        0x00001ac1   Thumb Code    28  superawesomefunzombieshootergame.o(.text.GPIOPortE_Handler)
    GameTasks                                0x00001add   Thumb Code   864  superawesomefunzombieshootergame.o(.text.GameTasks)
    LCD_Out                                  0x00001e3d   Thumb Code    44  superawesomefunzombieshootergame.o(.text.LCD_Out)
    LED_Toggle                               0x00001e69   Thumb Code    92  superawesomefunzombieshootergame.o(.text.LED_Toggle)
    LogicAnalyzerA                           0x00001ec5   Thumb Code    28  texas.o(.text.LogicAnalyzerA)
    LogicAnalyzerB                           0x00001ee1   Thumb Code    26  texas.o(.text.LogicAnalyzerB)
    LogicAnalyzerC                           0x00001efd   Thumb Code    28  texas.o(.text.LogicAnalyzerC)
    LogicAnalyzerE                           0x00001f19   Thumb Code    26  texas.o(.text.LogicAnalyzerE)
    LogicAnalyzerF                           0x00001f35   Thumb Code    26  texas.o(.text.LogicAnalyzerF)
    MoveSprite                               0x00001f51   Thumb Code    28  sprites.o(.text.MoveSprite)
    MoveZombie                               0x00001f6d   Thumb Code   124  sprites.o(.text.MoveZombie)
    PLL_Init                                 0x00001fe9   Thumb Code   138  pll.o(.text.PLL_Init)
    PeriodicTask2_Init                       0x00002075   Thumb Code   232  texas.o(.text.PeriodicTask2_Init)
    PortEButton_Init                         0x0000215d   Thumb Code   202  superawesomefunzombieshootergame.o(.text.PortEButton_Init)
    PortF_Init                               0x00002229   Thumb Code    88  superawesomefunzombieshootergame.o(.text.PortF_Init)
    ST7735_DrawBitmap                        0x00002281   Thumb Code   588  st7735.o(.text.ST7735_DrawBitmap)
    ST7735_DrawCharS                         0x000024cd   Thumb Code   436  st7735.o(.text.ST7735_DrawCharS)
    ST7735_DrawPixel                         0x00002681   Thumb Code   112  st7735.o(.text.ST7735_DrawPixel)
    ST7735_DrawString                        0x000026f1   Thumb Code   154  st7735.o(.text.ST7735_DrawString)
    ST7735_FillRect                          0x0000278d   Thumb Code   318  st7735.o(.text.ST7735_FillRect)
    ST7735_FillScreen                        0x000028cd   Thumb Code    52  st7735.o(.text.ST7735_FillScreen)
    ST7735_InitR                             0x00002901   Thumb Code   166  st7735.o(.text.ST7735_InitR)
    ST7735_OutChar                           0x000029a9   Thumb Code   270  st7735.o(.text.ST7735_OutChar)
    ST7735_OutString                         0x00002ab9   Thumb Code    36  st7735.o(.text.ST7735_OutString)
    ST7735_SetCursor                         0x00002add   Thumb Code    54  st7735.o(.text.ST7735_SetCursor)
    ST7735_SetRotation                       0x00002b15   Thumb Code   290  st7735.o(.text.ST7735_SetRotation)
    Scope                                    0x00002c39   Thumb Code    24  texas.o(.text.Scope)
    TExaS_Init                               0x00002c51   Thumb Code   360  texas.o(.text.TExaS_Init)
    THE_NUKE                                 0x00002db9   Thumb Code    84  superawesomefunzombieshootergame.o(.text.THE_NUKE)
    Timer1A_Handler                          0x00002e0d   Thumb Code    28  timer1.o(.text.Timer1A_Handler)
    Timer1_Init                              0x00002e29   Thumb Code   164  timer1.o(.text.Timer1_Init)
    Timer2A_Handler                          0x00002ecd   Thumb Code    14  wave.o(.text.Timer2A_Handler)
    Timer2A_Init                             0x00002edd   Thumb Code   136  wave.o(.text.Timer2A_Init)
    Timer5A_Handler                          0x00002f65   Thumb Code    28  texas.o(.text.Timer5A_Handler)
    UART0_Init                               0x00002f81   Thumb Code   160  texas.o(.text.UART0_Init)
    Wave_Init                                0x00003021   Thumb Code    22  wave.o(.text.Wave_Init)
    Wave_Stop                                0x00003039   Thumb Code    16  wave.o(.text.Wave_Stop)
    checkBullets                             0x00003319   Thumb Code   246  sprites.o(.text.checkBullets)
    checkCollisions                          0x00003411   Thumb Code  1324  sprites.o(.text.checkCollisions)
    checkPots                                0x0000393d   Thumb Code   386  superawesomefunzombieshootergame.o(.text.checkPots)
    checkZombies                             0x00003ac1   Thumb Code   158  zombie_mechanics.o(.text.checkZombies)
    collision                                0x00003b61   Thumb Code   228  zombie_mechanics.o(.text.collision)
    generateSeed                             0x00003fb5   Thumb Code    16  zombie_mechanics.o(.text.generateSeed)
    main                                     0x000040c1   Thumb Code   924  superawesomefunzombieshootergame.o(.text.main)
    menuScreen                               0x0000445d   Thumb Code   232  superawesomefunzombieshootergame.o(.text.menuScreen)
    playerHasDied                            0x000045b9   Thumb Code    62  superawesomefunzombieshootergame.o(.text.playerHasDied)
    reset_onScreen_Zombies                   0x00004615   Thumb Code   134  zombie_mechanics.o(.text.reset_onScreen_Zombies)
    rotateSprite                             0x0000469d   Thumb Code    72  sprites.o(.text.rotateSprite)
    saveSprite                               0x000046e5   Thumb Code    34  sprites.o(.text.saveSprite)
    setBullet                                0x000047f1   Thumb Code   446  sprites.o(.text.setBullet)
    spawnZombies                             0x000049b1   Thumb Code   300  zombie_mechanics.o(.text.spawnZombies)
    spritesInit                              0x00004b45   Thumb Code   136  sprites.o(.text.spritesInit)
    startGame                                0x00004bcd   Thumb Code    98  superawesomefunzombieshootergame.o(.text.startGame)
    writecommand                             0x00004c31   Thumb Code    44  st7735.o(.text.writecommand)
    writedata                                0x00004c5d   Thumb Code    44  st7735.o(.text.writedata)
    zombie_DirectionFacing                   0x00004c89   Thumb Code   232  zombie_mechanics.o(.text.zombie_DirectionFacing)
    zombie_Movement                          0x00004d71   Thumb Code   152  zombie_mechanics.o(.text.zombie_Movement)
    _btod_d2e                                0x00004e09   Thumb Code    62  btod.o(CL$$btod_d2e)
    _d2e_denorm_low                          0x00004e47   Thumb Code    70  btod.o(CL$$btod_d2e_denorm_low)
    _d2e_norm_op1                            0x00004e8d   Thumb Code    96  btod.o(CL$$btod_d2e_norm_op1)
    __btod_div_common                        0x00004eed   Thumb Code   696  btod.o(CL$$btod_div_common)
    _e2e                                     0x00005225   Thumb Code   220  btod.o(CL$$btod_e2e)
    _btod_ediv                               0x00005301   Thumb Code    42  btod.o(CL$$btod_ediv)
    _btod_emul                               0x0000532b   Thumb Code    42  btod.o(CL$$btod_emul)
    __btod_mult_common                       0x00005355   Thumb Code   580  btod.o(CL$$btod_mult_common)
    __ARM_fpclassify                         0x00005599   Thumb Code    40  fpclassify.o(i.__ARM_fpclassify)
    _is_digit                                0x000055c1   Thumb Code    14  __printf_wp.o(i._is_digit)
    _get_lc_numeric                          0x000055d1   Thumb Code    44  lc_numeric_c.o(locale$$code)
    _get_lc_ctype                            0x000055fd   Thumb Code    44  lc_ctype_c.o(locale$$code)
    _printf_fp_dec                           0x00005629   Thumb Code     4  printf1.o(x$fpl$printf1)
    _printf_fp_hex                           0x0000562d   Thumb Code     4  printf2.o(x$fpl$printf2)
    __I$use$fp                               0x00005630   Number         0  usenofp.o(x$fpl$usenofp)
    BulletImage                              0x0000572c   Data          24  images.o(.rodata.BulletImage)
    DRValvano                                0x00005744   Data        3080  images.o(.rodata.DRValvano)
    DRYerraballi                             0x0000634c   Data        3010  images.o(.rodata.DRYerraballi)
    ProfessorImages                          0x0000740c   Data          24  images.o(.rodata.ProfessorImages)
    basicZombieBackwardImage                 0x000074a4   Data         112  images.o(.rodata.basicZombieBackwardImage)
    basicZombieForwardImage                  0x00007514   Data         112  images.o(.rodata.basicZombieForwardImage)
    basicZombieImage                         0x00007584   Data          48  images.o(.rodata.basicZombieImage)
    basicZombieLeftImage                     0x000075b4   Data         112  images.o(.rodata.basicZombieLeftImage)
    basicZombieRightImage                    0x00007624   Data         112  images.o(.rodata.basicZombieRightImage)
    bigZombieBackwardImage                   0x00007694   Data         510  images.o(.rodata.bigZombieBackwardImage)
    bigZombieForwardImage                    0x00007892   Data         510  images.o(.rodata.bigZombieForwardImage)
    bigZombieImage                           0x00007a90   Data          48  images.o(.rodata.bigZombieImage)
    bigZombieLeftImage                       0x00007ac0   Data         510  images.o(.rodata.bigZombieLeftImage)
    bigZombieRightImage                      0x00007cbe   Data         510  images.o(.rodata.bigZombieRightImage)
    bulletImage                              0x00007ebc   Data           4  images.o(.rodata.bulletImage)
    playerForwardImage                       0x00007ec0   Data         234  images.o(.rodata.playerForwardImage)
    playerImage                              0x00007fac   Data          48  images.o(.rodata.playerImage)
    playerLeftImage                          0x00007fdc   Data         234  images.o(.rodata.playerLeftImage)
    playerReverseImage                       0x000080c6   Data         234  images.o(.rodata.playerReverseImage)
    playerRightImage                         0x000081b0   Data         234  images.o(.rodata.playerRightImage)
    startscreen                              0x0000829a   Data       40960  images.o(.rodata.startscreen)
    Region$$Table$$Base                      0x000122bc   Number         0  anon$$obj.o(Region$$Table)
    Region$$Table$$Limit                     0x000122dc   Number         0  anon$$obj.o(Region$$Table)
    __ctype                                  0x00012305   Data           0  lc_ctype_c.o(locale$$data)
    DrV_Message                              0x20000000   Data          27  sprites.o(.data.DrV_Message)
    DrV_Message1                             0x2000001b   Data          17  sprites.o(.data.DrV_Message1)
    DrV_Message2                             0x2000002c   Data          22  sprites.o(.data.DrV_Message2)
    DrV_Message3                             0x20000042   Data          15  sprites.o(.data.DrV_Message3)
    DrV_Message4                             0x20000051   Data          21  sprites.o(.data.DrV_Message4)
    DrY_Message                              0x20000066   Data          18  sprites.o(.data.DrY_Message)
    DrY_Message1                             0x20000078   Data          21  sprites.o(.data.DrY_Message1)
    DrY_Message2                             0x2000008d   Data          18  sprites.o(.data.DrY_Message2)
    DrY_Message3                             0x2000009f   Data          21  sprites.o(.data.DrY_Message3)
    EnglishHealthStr                         0x200000b4   Data           9  superawesomefunzombieshootergame.o(.data.EnglishHealthStr)
    SpanishHealthStr                         0x200000bd   Data           8  superawesomefunzombieshootergame.o(.data.SpanishHealthStr)
    StTextColor                              0x200000c6   Data           2  st7735.o(.data.StTextColor)
    count_BasicZombies                       0x200000cc   Data           2  zombie_mechanics.o(.data.count_BasicZombies)
    englishDead                              0x200000ce   Data          15  superawesomefunzombieshootergame.o(.data.englishDead)
    englishScore                             0x200000dd   Data           8  superawesomefunzombieshootergame.o(.data.englishScore)
    englishStr                               0x200000e5   Data          18  superawesomefunzombieshootergame.o(.data.englishStr)
    healthCount                              0x200000f7   Data           2  superawesomefunzombieshootergame.o(.data.healthCount)
    killStr                                  0x200000f9   Data           4  superawesomefunzombieshootergame.o(.data.killStr)
    spanishDead                              0x200000fd   Data          15  superawesomefunzombieshootergame.o(.data.spanishDead)
    spanishScore                             0x2000010c   Data          10  superawesomefunzombieshootergame.o(.data.spanishScore)
    spanishStr                               0x20000116   Data          18  superawesomefunzombieshootergame.o(.data.spanishStr)
    updateScore                              0x20000128   Data           1  superawesomefunzombieshootergame.o(.data.updateScore)
    _random_number_data                      0x20000130   Data         228  rand.o(.bss)
    __libspace_start                         0x20000214   Data          96  libspace.o(.bss)
    __temporary_stack_top$libspace           0x20000274   Data           0  libspace.o(.bss)
    DrV                                      0x20000278   Data          56  sprites.o(.bss.DrV)
    DrY                                      0x200002b0   Data          56  sprites.o(.bss.DrY)
    PeriodicTask2                            0x200002e8   Data           4  texas.o(.bss.PeriodicTask2)
    PortE_Task                               0x200002ec   Data           4  superawesomefunzombieshootergame.o(.bss.PortE_Task)
    Round                                    0x200002f1   Data           1  zombie_mechanics.o(.bss.Round)
    StX                                      0x200002f4   Data           4  st7735.o(.bss.StX)
    StY                                      0x200002f8   Data           4  st7735.o(.bss.StY)
    Timer1A_Task                             0x20000300   Data           4  timer1.o(.bss.Timer1A_Task)
    bulletWait                               0x20000304   Data           4  sprites.o(.bss.bulletWait)
    bullets                                  0x20000308   Data         280  sprites.o(.bss.bullets)
    count_BigZombies                         0x20000420   Data           1  zombie_mechanics.o(.bss.count_BigZombies)
    deadMessage                              0x20000424   Data           4  superawesomefunzombieshootergame.o(.bss.deadMessage)
    healthStr                                0x20000428   Data           4  superawesomefunzombieshootergame.o(.bss.healthStr)
    killCount                                0x2000042c   Data           4  superawesomefunzombieshootergame.o(.bss.killCount)
    leftButtonLastState                      0x20000430   Data           4  superawesomefunzombieshootergame.o(.bss.leftButtonLastState)
    leftButtonState                          0x20000434   Data           4  superawesomefunzombieshootergame.o(.bss.leftButtonState)
    onScreen_Zombies                         0x20000438   Data         280  zombie_mechanics.o(.bss.onScreen_Zombies)
    player                                   0x20000550   Data          56  sprites.o(.bss.player)
    playerHealthWait                         0x20000588   Data           1  superawesomefunzombieshootergame.o(.bss.playerHealthWait)
    potData                                  0x2000058c   Data           8  superawesomefunzombieshootergame.o(.bss.potData)
    rightButtonLastState                     0x20000598   Data           4  superawesomefunzombieshootergame.o(.bss.rightButtonLastState)
    rightButtonState                         0x2000059c   Data           4  superawesomefunzombieshootergame.o(.bss.rightButtonState)
    score                                    0x200005a0   Data           4  superawesomefunzombieshootergame.o(.bss.score)



==============================================================================

Memory Map of the image

  Image Entry point : 0x0000026d

  Load Region LR_1 (Base: 0x00000000, Size: 0x00012534, Max: 0xffffffff, ABSOLUTE)

    Execution Region ER_RO (Exec base: 0x00000000, Load base: 0x00000000, Size: 0x00012408, Max: 0xffffffff, ABSOLUTE)

    Exec Addr    Load Addr    Size         Type   Attr      Idx    E Section Name        Object

    0x00000000   0x00000000   0x00000284   Code   RO            3  * RESET               startup.o
    0x00000284   0x00000284   0x00000008   Code   RO          485  * !!!main             c_w.l(__main.o)
    0x0000028c   0x0000028c   0x00000034   Code   RO          822    !!!scatter          c_w.l(__scatter.o)
    0x000002c0   0x000002c0   0x0000001a   Code   RO          824    !!handler_copy      c_w.l(__scatter_copy.o)
    0x000002da   0x000002da   0x00000002   PAD
    0x000002dc   0x000002dc   0x0000001c   Code   RO          826    !!handler_zi        c_w.l(__scatter_zi.o)
    0x000002f8   0x000002f8   0x00000000   Code   RO          569    .ARM.Collect$$_printf_percent$$00000000  c_w.l(_printf_percent.o)
    0x000002f8   0x000002f8   0x00000006   Code   RO          558    .ARM.Collect$$_printf_percent$$00000001  c_w.l(_printf_n.o)
    0x000002fe   0x000002fe   0x00000006   Code   RO          560    .ARM.Collect$$_printf_percent$$00000002  c_w.l(_printf_p.o)
    0x00000304   0x00000304   0x00000006   Code   RO          565    .ARM.Collect$$_printf_percent$$00000003  c_w.l(_printf_f.o)
    0x0000030a   0x0000030a   0x00000006   Code   RO          566    .ARM.Collect$$_printf_percent$$00000004  c_w.l(_printf_e.o)
    0x00000310   0x00000310   0x00000006   Code   RO          567    .ARM.Collect$$_printf_percent$$00000005  c_w.l(_printf_g.o)
    0x00000316   0x00000316   0x00000006   Code   RO          568    .ARM.Collect$$_printf_percent$$00000006  c_w.l(_printf_a.o)
    0x0000031c   0x0000031c   0x0000000a   Code   RO          573    .ARM.Collect$$_printf_percent$$00000007  c_w.l(_printf_ll.o)
    0x00000326   0x00000326   0x00000006   Code   RO          562    .ARM.Collect$$_printf_percent$$00000008  c_w.l(_printf_i.o)
    0x0000032c   0x0000032c   0x00000006   Code   RO          563    .ARM.Collect$$_printf_percent$$00000009  c_w.l(_printf_d.o)
    0x00000332   0x00000332   0x00000006   Code   RO          564    .ARM.Collect$$_printf_percent$$0000000A  c_w.l(_printf_u.o)
    0x00000338   0x00000338   0x00000006   Code   RO          561    .ARM.Collect$$_printf_percent$$0000000B  c_w.l(_printf_o.o)
    0x0000033e   0x0000033e   0x00000006   Code   RO          559    .ARM.Collect$$_printf_percent$$0000000C  c_w.l(_printf_x.o)
    0x00000344   0x00000344   0x00000006   Code   RO          570    .ARM.Collect$$_printf_percent$$0000000D  c_w.l(_printf_lli.o)
    0x0000034a   0x0000034a   0x00000006   Code   RO          571    .ARM.Collect$$_printf_percent$$0000000E  c_w.l(_printf_lld.o)
    0x00000350   0x00000350   0x00000006   Code   RO          572    .ARM.Collect$$_printf_percent$$0000000F  c_w.l(_printf_llu.o)
    0x00000356   0x00000356   0x00000006   Code   RO          577    .ARM.Collect$$_printf_percent$$00000010  c_w.l(_printf_llo.o)
    0x0000035c   0x0000035c   0x00000006   Code   RO          578    .ARM.Collect$$_printf_percent$$00000011  c_w.l(_printf_llx.o)
    0x00000362   0x00000362   0x0000000a   Code   RO          574    .ARM.Collect$$_printf_percent$$00000012  c_w.l(_printf_l.o)
    0x0000036c   0x0000036c   0x00000006   Code   RO          556    .ARM.Collect$$_printf_percent$$00000013  c_w.l(_printf_c.o)
    0x00000372   0x00000372   0x00000006   Code   RO          557    .ARM.Collect$$_printf_percent$$00000014  c_w.l(_printf_s.o)
    0x00000378   0x00000378   0x00000006   Code   RO          575    .ARM.Collect$$_printf_percent$$00000015  c_w.l(_printf_lc.o)
    0x0000037e   0x0000037e   0x00000006   Code   RO          576    .ARM.Collect$$_printf_percent$$00000016  c_w.l(_printf_ls.o)
    0x00000384   0x00000384   0x00000004   Code   RO          666    .ARM.Collect$$_printf_percent$$00000017  c_w.l(_printf_percent_end.o)
    0x00000388   0x00000388   0x00000002   Code   RO          725    .ARM.Collect$$libinit$$00000000  c_w.l(libinit.o)
    0x0000038a   0x0000038a   0x00000000   Code   RO          580    .ARM.Collect$$libinit$$00000002  c_w.l(libinit2.o)
    0x0000038a   0x0000038a   0x00000000   Code   RO          582    .ARM.Collect$$libinit$$00000004  c_w.l(libinit2.o)
    0x0000038a   0x0000038a   0x00000000   Code   RO          584    .ARM.Collect$$libinit$$00000006  c_w.l(libinit2.o)
    0x0000038a   0x0000038a   0x00000000   Code   RO          587    .ARM.Collect$$libinit$$0000000C  c_w.l(libinit2.o)
    0x0000038a   0x0000038a   0x00000000   Code   RO          589    .ARM.Collect$$libinit$$0000000E  c_w.l(libinit2.o)
    0x0000038a   0x0000038a   0x00000004   Code   RO          590    .ARM.Collect$$libinit$$0000000F  c_w.l(libinit2.o)
    0x0000038e   0x0000038e   0x00000000   Code   RO          591    .ARM.Collect$$libinit$$00000010  c_w.l(libinit2.o)
    0x0000038e   0x0000038e   0x00000006   Code   RO          592    .ARM.Collect$$libinit$$00000011  c_w.l(libinit2.o)
    0x00000394   0x00000394   0x00000000   Code   RO          594    .ARM.Collect$$libinit$$00000013  c_w.l(libinit2.o)
    0x00000394   0x00000394   0x0000000c   Code   RO          595    .ARM.Collect$$libinit$$00000014  c_w.l(libinit2.o)
    0x000003a0   0x000003a0   0x00000000   Code   RO          596    .ARM.Collect$$libinit$$00000015  c_w.l(libinit2.o)
    0x000003a0   0x000003a0   0x00000000   Code   RO          598    .ARM.Collect$$libinit$$00000017  c_w.l(libinit2.o)
    0x000003a0   0x000003a0   0x0000000a   Code   RO          599    .ARM.Collect$$libinit$$00000018  c_w.l(libinit2.o)
    0x000003aa   0x000003aa   0x00000000   Code   RO          600    .ARM.Collect$$libinit$$00000019  c_w.l(libinit2.o)
    0x000003aa   0x000003aa   0x00000000   Code   RO          602    .ARM.Collect$$libinit$$0000001B  c_w.l(libinit2.o)
    0x000003aa   0x000003aa   0x00000000   Code   RO          604    .ARM.Collect$$libinit$$0000001D  c_w.l(libinit2.o)
    0x000003aa   0x000003aa   0x00000000   Code   RO          606    .ARM.Collect$$libinit$$0000001F  c_w.l(libinit2.o)
    0x000003aa   0x000003aa   0x00000000   Code   RO          608    .ARM.Collect$$libinit$$00000021  c_w.l(libinit2.o)
    0x000003aa   0x000003aa   0x00000000   Code   RO          610    .ARM.Collect$$libinit$$00000023  c_w.l(libinit2.o)
    0x000003aa   0x000003aa   0x00000000   Code   RO          612    .ARM.Collect$$libinit$$00000025  c_w.l(libinit2.o)
    0x000003aa   0x000003aa   0x00000000   Code   RO          614    .ARM.Collect$$libinit$$00000027  c_w.l(libinit2.o)
    0x000003aa   0x000003aa   0x00000000   Code   RO          618    .ARM.Collect$$libinit$$0000002E  c_w.l(libinit2.o)
    0x000003aa   0x000003aa   0x00000000   Code   RO          620    .ARM.Collect$$libinit$$00000030  c_w.l(libinit2.o)
    0x000003aa   0x000003aa   0x00000000   Code   RO          622    .ARM.Collect$$libinit$$00000032  c_w.l(libinit2.o)
    0x000003aa   0x000003aa   0x00000000   Code   RO          624    .ARM.Collect$$libinit$$00000034  c_w.l(libinit2.o)
    0x000003aa   0x000003aa   0x00000002   Code   RO          625    .ARM.Collect$$libinit$$00000035  c_w.l(libinit2.o)
    0x000003ac   0x000003ac   0x00000002   Code   RO          781    .ARM.Collect$$libshutdown$$00000000  c_w.l(libshutdown.o)
    0x000003ae   0x000003ae   0x00000000   Code   RO          789    .ARM.Collect$$libshutdown$$00000002  c_w.l(libshutdown2.o)
    0x000003ae   0x000003ae   0x00000000   Code   RO          791    .ARM.Collect$$libshutdown$$00000004  c_w.l(libshutdown2.o)
    0x000003ae   0x000003ae   0x00000000   Code   RO          794    .ARM.Collect$$libshutdown$$00000007  c_w.l(libshutdown2.o)
    0x000003ae   0x000003ae   0x00000000   Code   RO          797    .ARM.Collect$$libshutdown$$0000000A  c_w.l(libshutdown2.o)
    0x000003ae   0x000003ae   0x00000000   Code   RO          799    .ARM.Collect$$libshutdown$$0000000C  c_w.l(libshutdown2.o)
    0x000003ae   0x000003ae   0x00000000   Code   RO          802    .ARM.Collect$$libshutdown$$0000000F  c_w.l(libshutdown2.o)
    0x000003ae   0x000003ae   0x00000002   Code   RO          803    .ARM.Collect$$libshutdown$$00000010  c_w.l(libshutdown2.o)
    0x000003b0   0x000003b0   0x00000000   Code   RO          487    .ARM.Collect$$rtentry$$00000000  c_w.l(__rtentry.o)
    0x000003b0   0x000003b0   0x00000000   Code   RO          635    .ARM.Collect$$rtentry$$00000002  c_w.l(__rtentry2.o)
    0x000003b0   0x000003b0   0x00000006   Code   RO          647    .ARM.Collect$$rtentry$$00000004  c_w.l(__rtentry4.o)
    0x000003b6   0x000003b6   0x00000000   Code   RO          637    .ARM.Collect$$rtentry$$00000009  c_w.l(__rtentry2.o)
    0x000003b6   0x000003b6   0x00000004   Code   RO          638    .ARM.Collect$$rtentry$$0000000A  c_w.l(__rtentry2.o)
    0x000003ba   0x000003ba   0x00000000   Code   RO          640    .ARM.Collect$$rtentry$$0000000C  c_w.l(__rtentry2.o)
    0x000003ba   0x000003ba   0x00000008   Code   RO          641    .ARM.Collect$$rtentry$$0000000D  c_w.l(__rtentry2.o)
    0x000003c2   0x000003c2   0x00000002   Code   RO          738    .ARM.Collect$$rtexit$$00000000  c_w.l(rtexit.o)
    0x000003c4   0x000003c4   0x00000000   Code   RO          757    .ARM.Collect$$rtexit$$00000002  c_w.l(rtexit2.o)
    0x000003c4   0x000003c4   0x00000004   Code   RO          758    .ARM.Collect$$rtexit$$00000003  c_w.l(rtexit2.o)
    0x000003c8   0x000003c8   0x00000006   Code   RO          759    .ARM.Collect$$rtexit$$00000004  c_w.l(rtexit2.o)
    0x000003ce   0x000003ce   0x00000002   PAD
    0x000003d0   0x000003d0   0x00000034   Code   RO          478    .emb_text           c_w.l(rand.o)
    0x00000404   0x00000404   0x00000030   Code   RO            4    .text               startup.o
    0x00000434   0x00000434   0x0000003c   Code   RO          233    .text               busywait.o
    0x00000470   0x00000470   0x0000002c   Code   RO          476    .text               c_w.l(sprintf.o)
    0x0000049c   0x0000049c   0x0000003c   Code   RO          479    .text               c_w.l(rand.o)
    0x000004d8   0x000004d8   0x00000006   Code   RO          483    .text               c_w.l(heapauxi.o)
    0x000004de   0x000004de   0x0000004e   Code   RO          490    .text               c_w.l(_printf_pad.o)
    0x0000052c   0x0000052c   0x00000024   Code   RO          492    .text               c_w.l(_printf_truncate.o)
    0x00000550   0x00000550   0x00000052   Code   RO          494    .text               c_w.l(_printf_str.o)
    0x000005a2   0x000005a2   0x00000002   PAD
    0x000005a4   0x000005a4   0x00000078   Code   RO          496    .text               c_w.l(_printf_dec.o)
    0x0000061c   0x0000061c   0x00000028   Code   RO          498    .text               c_w.l(_printf_charcount.o)
    0x00000644   0x00000644   0x00000030   Code   RO          500    .text               c_w.l(_printf_char_common.o)
    0x00000674   0x00000674   0x0000000a   Code   RO          502    .text               c_w.l(_sputc.o)
    0x0000067e   0x0000067e   0x00000002   PAD
    0x00000680   0x00000680   0x000000bc   Code   RO          504    .text               c_w.l(_printf_wctomb.o)
    0x0000073c   0x0000073c   0x0000007c   Code   RO          507    .text               c_w.l(_printf_longlong_dec.o)
    0x000007b8   0x000007b8   0x00000070   Code   RO          513    .text               c_w.l(_printf_oct_int_ll.o)
    0x00000828   0x00000828   0x00000094   Code   RO          533    .text               c_w.l(_printf_hex_int_ll_ptr.o)
    0x000008bc   0x000008bc   0x00000188   Code   RO          553    .text               c_w.l(__printf_flags_ss_wp.o)
    0x00000a44   0x00000a44   0x0000008a   Code   RO          649    .text               c_w.l(lludiv10.o)
    0x00000ace   0x00000ace   0x000000b2   Code   RO          651    .text               c_w.l(_printf_intcommon.o)
    0x00000b80   0x00000b80   0x0000041c   Code   RO          653    .text               c_w.l(_printf_fp_dec.o)
    0x00000f9c   0x00000f9c   0x000002fc   Code   RO          657    .text               c_w.l(_printf_fp_hex.o)
    0x00001298   0x00001298   0x0000002c   Code   RO          662    .text               c_w.l(_printf_char.o)
    0x000012c4   0x000012c4   0x0000002c   Code   RO          664    .text               c_w.l(_printf_wchar.o)
    0x000012f0   0x000012f0   0x00000048   Code   RO          667    .text               c_w.l(_c16rtomb.o)
    0x00001338   0x00001338   0x0000004a   Code   RO          673    .text               c_w.l(sys_stackheap_outer.o)
    0x00001382   0x00001382   0x00000002   PAD
    0x00001384   0x00001384   0x00000010   Code   RO          675    .text               c_w.l(rt_ctype_table.o)
    0x00001394   0x00001394   0x00000008   Code   RO          680    .text               c_w.l(rt_locale_intlibspace.o)
    0x0000139c   0x0000139c   0x00000080   Code   RO          682    .text               c_w.l(_printf_fp_infnan.o)
    0x0000141c   0x0000141c   0x000000e4   Code   RO          684    .text               c_w.l(bigflt0.o)
    0x00001500   0x00001500   0x00000012   Code   RO          714    .text               c_w.l(exit.o)
    0x00001512   0x00001512   0x00000002   PAD
    0x00001514   0x00001514   0x00000008   Code   RO          735    .text               c_w.l(libspace.o)
    0x0000151c   0x0000151c   0x00000004   PAD
    0x00001520   0x00001520   0x0000007c   Code   RO          751    .text               c_w.l(strcmpv7em.o)
    0x0000159c   0x0000159c   0x00000002   Code   RO          753    .text               c_w.l(use_no_semi.o)
    0x0000159e   0x0000159e   0x00000000   Code   RO          755    .text               c_w.l(indicate_semi.o)
    0x0000159e   0x0000159e   0x00000002   PAD
    0x000015a0   0x000015a0   0x0000000c   Code   RO          771    .text               c_w.l(sys_exit.o)
    0x000015ac   0x000015ac   0x000000fc   Code   RO           63    .text.ADC1_Init     texas.o
    0x000016a8   0x000016a8   0x00000052   Code   RO          277    .text.ADC_In89      adcswtrigger.o
    0x000016fa   0x000016fa   0x00000002   PAD
    0x000016fc   0x000016fc   0x000000f4   Code   RO          275    .text.ADC_Init89    adcswtrigger.o
    0x000017f0   0x000017f0   0x00000082   Code   RO          300    .text.Buttons       superawesomefunzombieshootergame.o
    0x00001872   0x00001872   0x00000002   PAD
    0x00001874   0x00001874   0x00000058   Code   RO           88    .text.DAC_Init      dac.o
    0x000018cc   0x000018cc   0x00000026   Code   RO          286    .text.Delay100ms    superawesomefunzombieshootergame.o
    0x000018f2   0x000018f2   0x00000002   PAD
    0x000018f4   0x000018f4   0x0000002e   Code   RO          111    .text.Delay1ms      st7735.o
    0x00001922   0x00001922   0x00000002   PAD
    0x00001924   0x00001924   0x000000c4   Code   RO          350    .text.DrawSprite    sprites.o
    0x000019e8   0x000019e8   0x00000058   Code   RO          366    .text.EndGameInit   sprites.o
    0x00001a40   0x00001a40   0x00000080   Code   RO          352    .text.EraseSprite   sprites.o
    0x00001ac0   0x00001ac0   0x0000001c   Code   RO          298    .text.GPIOPortE_Handler  superawesomefunzombieshootergame.o
    0x00001adc   0x00001adc   0x00000360   Code   RO          294    .text.GameTasks     superawesomefunzombieshootergame.o
    0x00001e3c   0x00001e3c   0x0000002c   Code   RO          302    .text.LCD_Out       superawesomefunzombieshootergame.o
    0x00001e68   0x00001e68   0x0000005c   Code   RO          292    .text.LED_Toggle    superawesomefunzombieshootergame.o
    0x00001ec4   0x00001ec4   0x0000001c   Code   RO           39    .text.LogicAnalyzerA  texas.o
    0x00001ee0   0x00001ee0   0x0000001a   Code   RO           41    .text.LogicAnalyzerB  texas.o
    0x00001efa   0x00001efa   0x00000002   PAD
    0x00001efc   0x00001efc   0x0000001c   Code   RO           43    .text.LogicAnalyzerC  texas.o
    0x00001f18   0x00001f18   0x0000001a   Code   RO           45    .text.LogicAnalyzerE  texas.o
    0x00001f32   0x00001f32   0x00000002   PAD
    0x00001f34   0x00001f34   0x0000001a   Code   RO           47    .text.LogicAnalyzerF  texas.o
    0x00001f4e   0x00001f4e   0x00000002   PAD
    0x00001f50   0x00001f50   0x0000001c   Code   RO          346    .text.MoveSprite    sprites.o
    0x00001f6c   0x00001f6c   0x0000007c   Code   RO          348    .text.MoveZombie    sprites.o
    0x00001fe8   0x00001fe8   0x0000008a   Code   RO           99    .text.PLL_Init      pll.o
    0x00002072   0x00002072   0x00000002   PAD
    0x00002074   0x00002074   0x000000e8   Code   RO           49    .text.PeriodicTask2_Init  texas.o
    0x0000215c   0x0000215c   0x000000ca   Code   RO          296    .text.PortEButton_Init  superawesomefunzombieshootergame.o
    0x00002226   0x00002226   0x00000002   PAD
    0x00002228   0x00002228   0x00000058   Code   RO          290    .text.PortF_Init    superawesomefunzombieshootergame.o
    0x00002280   0x00002280   0x0000024c   Code   RO          147    .text.ST7735_DrawBitmap  st7735.o
    0x000024cc   0x000024cc   0x000001b4   Code   RO          149    .text.ST7735_DrawCharS  st7735.o
    0x00002680   0x00002680   0x00000070   Code   RO          125    .text.ST7735_DrawPixel  st7735.o
    0x000026f0   0x000026f0   0x0000009a   Code   RO          153    .text.ST7735_DrawString  st7735.o
    0x0000278a   0x0000278a   0x00000002   PAD
    0x0000278c   0x0000278c   0x0000013e   Code   RO          135    .text.ST7735_FillRect  st7735.o
    0x000028ca   0x000028ca   0x00000002   PAD
    0x000028cc   0x000028cc   0x00000034   Code   RO          119    .text.ST7735_FillScreen  st7735.o
    0x00002900   0x00002900   0x000000a6   Code   RO          121    .text.ST7735_InitR  st7735.o
    0x000029a6   0x000029a6   0x00000002   PAD
    0x000029a8   0x000029a8   0x0000010e   Code   RO          179    .text.ST7735_OutChar  st7735.o
    0x00002ab6   0x00002ab6   0x00000002   PAD
    0x00002ab8   0x00002ab8   0x00000024   Code   RO          181    .text.ST7735_OutString  st7735.o
    0x00002adc   0x00002adc   0x00000036   Code   RO          117    .text.ST7735_SetCursor  st7735.o
    0x00002b12   0x00002b12   0x00000002   PAD
    0x00002b14   0x00002b14   0x00000122   Code   RO          159    .text.ST7735_SetRotation  st7735.o
    0x00002c36   0x00002c36   0x00000002   PAD
    0x00002c38   0x00002c38   0x00000018   Code   RO           37    .text.Scope         texas.o
    0x00002c50   0x00002c50   0x00000168   Code   RO           65    .text.TExaS_Init    texas.o
    0x00002db8   0x00002db8   0x00000054   Code   RO          288    .text.THE_NUKE      superawesomefunzombieshootergame.o
    0x00002e0c   0x00002e0c   0x0000001c   Code   RO           27    .text.Timer1A_Handler  timer1.o
    0x00002e28   0x00002e28   0x000000a4   Code   RO           25    .text.Timer1_Init   timer1.o
    0x00002ecc   0x00002ecc   0x0000000e   Code   RO          248    .text.Timer2A_Handler  wave.o
    0x00002eda   0x00002eda   0x00000002   PAD
    0x00002edc   0x00002edc   0x00000088   Code   RO          240    .text.Timer2A_Init  wave.o
    0x00002f64   0x00002f64   0x0000001c   Code   RO           51    .text.Timer5A_Handler  texas.o
    0x00002f80   0x00002f80   0x000000a0   Code   RO           55    .text.UART0_Init    texas.o
    0x00003020   0x00003020   0x00000016   Code   RO          246    .text.Wave_Init     wave.o
    0x00003036   0x00003036   0x00000002   PAD
    0x00003038   0x00003038   0x00000010   Code   RO          244    .text.Wave_Stop     wave.o
    0x00003048   0x00003048   0x00000166   Code   RO          415    .text.basicZombieInit  zombie_mechanics.o
    0x000031ae   0x000031ae   0x00000002   PAD
    0x000031b0   0x000031b0   0x00000166   Code   RO          413    .text.bigZombieInit  zombie_mechanics.o
    0x00003316   0x00003316   0x00000002   PAD
    0x00003318   0x00003318   0x000000f6   Code   RO          362    .text.checkBullets  sprites.o
    0x0000340e   0x0000340e   0x00000002   PAD
    0x00003410   0x00003410   0x0000052c   Code   RO          364    .text.checkCollisions  sprites.o
    0x0000393c   0x0000393c   0x00000182   Code   RO          304    .text.checkPots     superawesomefunzombieshootergame.o
    0x00003abe   0x00003abe   0x00000002   PAD
    0x00003ac0   0x00003ac0   0x0000009e   Code   RO          417    .text.checkZombies  zombie_mechanics.o
    0x00003b5e   0x00003b5e   0x00000002   PAD
    0x00003b60   0x00003b60   0x000000e4   Code   RO          393    .text.collision     zombie_mechanics.o
    0x00003c44   0x00003c44   0x000000aa   Code   RO          123    .text.commandList   st7735.o
    0x00003cee   0x00003cee   0x00000002   PAD
    0x00003cf0   0x00003cf0   0x000001a2   Code   RO          115    .text.commonInit    st7735.o
    0x00003e92   0x00003e92   0x00000002   PAD
    0x00003e94   0x00003e94   0x00000120   Code   RO          427    .text.determine_spawn  zombie_mechanics.o
    0x00003fb4   0x00003fb4   0x00000010   Code   RO          407    .text.generateSeed  zombie_mechanics.o
    0x00003fc4   0x00003fc4   0x0000003c   Code   RO          403    .text.is_player_above  zombie_mechanics.o
    0x00004000   0x00004000   0x0000003c   Code   RO          397    .text.is_player_below  zombie_mechanics.o
    0x0000403c   0x0000403c   0x00000048   Code   RO          401    .text.is_player_on_left  zombie_mechanics.o
    0x00004084   0x00004084   0x0000003c   Code   RO          399    .text.is_player_on_right  zombie_mechanics.o
    0x000040c0   0x000040c0   0x0000039c   Code   RO          312    .text.main          superawesomefunzombieshootergame.o
    0x0000445c   0x0000445c   0x000000e8   Code   RO          306    .text.menuScreen    superawesomefunzombieshootergame.o
    0x00004544   0x00004544   0x00000074   Code   RO          429    .text.newZombieWave  zombie_mechanics.o
    0x000045b8   0x000045b8   0x0000003e   Code   RO          308    .text.playerHasDied  superawesomefunzombieshootergame.o
    0x000045f6   0x000045f6   0x00000002   PAD
    0x000045f8   0x000045f8   0x0000001c   Code   RO          129    .text.pushColor     st7735.o
    0x00004614   0x00004614   0x00000086   Code   RO          405    .text.reset_onScreen_Zombies  zombie_mechanics.o
    0x0000469a   0x0000469a   0x00000002   PAD
    0x0000469c   0x0000469c   0x00000048   Code   RO          356    .text.rotateSprite  sprites.o
    0x000046e4   0x000046e4   0x00000022   Code   RO          358    .text.saveSprite    sprites.o
    0x00004706   0x00004706   0x00000002   PAD
    0x00004708   0x00004708   0x00000054   Code   RO          409    .text.seed_generator  zombie_mechanics.o
    0x0000475c   0x0000475c   0x00000094   Code   RO          127    .text.setAddrWindow  st7735.o
    0x000047f0   0x000047f0   0x000001be   Code   RO          360    .text.setBullet     sprites.o
    0x000049ae   0x000049ae   0x00000002   PAD
    0x000049b0   0x000049b0   0x0000012c   Code   RO          411    .text.spawnZombies  zombie_mechanics.o
    0x00004adc   0x00004adc   0x00000034   Code   RO          425    .text.spriteCenterX  zombie_mechanics.o
    0x00004b10   0x00004b10   0x00000034   Code   RO          423    .text.spriteCenterY  zombie_mechanics.o
    0x00004b44   0x00004b44   0x00000088   Code   RO          354    .text.spritesInit   sprites.o
    0x00004bcc   0x00004bcc   0x00000062   Code   RO          310    .text.startGame     superawesomefunzombieshootergame.o
    0x00004c2e   0x00004c2e   0x00000002   PAD
    0x00004c30   0x00004c30   0x0000002c   Code   RO          107    .text.writecommand  st7735.o
    0x00004c5c   0x00004c5c   0x0000002c   Code   RO          109    .text.writedata     st7735.o
    0x00004c88   0x00004c88   0x000000e8   Code   RO          395    .text.zombie_DirectionFacing  zombie_mechanics.o
    0x00004d70   0x00004d70   0x00000098   Code   RO          419    .text.zombie_Movement  zombie_mechanics.o
    0x00004e08   0x00004e08   0x0000003e   Code   RO          687    CL$$btod_d2e        c_w.l(btod.o)
    0x00004e46   0x00004e46   0x00000046   Code   RO          689    CL$$btod_d2e_denorm_low  c_w.l(btod.o)
    0x00004e8c   0x00004e8c   0x00000060   Code   RO          688    CL$$btod_d2e_norm_op1  c_w.l(btod.o)
    0x00004eec   0x00004eec   0x00000338   Code   RO          697    CL$$btod_div_common  c_w.l(btod.o)
    0x00005224   0x00005224   0x000000dc   Code   RO          694    CL$$btod_e2e        c_w.l(btod.o)
    0x00005300   0x00005300   0x0000002a   Code   RO          691    CL$$btod_ediv       c_w.l(btod.o)
    0x0000532a   0x0000532a   0x0000002a   Code   RO          690    CL$$btod_emul       c_w.l(btod.o)
    0x00005354   0x00005354   0x00000244   Code   RO          696    CL$$btod_mult_common  c_w.l(btod.o)
    0x00005598   0x00005598   0x00000028   Code   RO          729    i.__ARM_fpclassify  m_ws.l(fpclassify.o)
    0x000055c0   0x000055c0   0x0000000e   Code   RO          546    i._is_digit         c_w.l(__printf_wp.o)
    0x000055ce   0x000055ce   0x00000002   PAD
    0x000055d0   0x000055d0   0x0000002c   Code   RO          712    locale$$code        c_w.l(lc_numeric_c.o)
    0x000055fc   0x000055fc   0x0000002c   Code   RO          745    locale$$code        c_w.l(lc_ctype_c.o)
    0x00005628   0x00005628   0x00000004   Code   RO          626    x$fpl$printf1       fz_ws.l(printf1.o)
    0x0000562c   0x0000562c   0x00000004   Code   RO          628    x$fpl$printf2       fz_ws.l(printf2.o)
    0x00005630   0x00005630   0x00000000   Code   RO          728    x$fpl$usenofp       fz_ws.l(usenofp.o)
    0x00005630   0x00005630   0x00000008   Data   RO          505    .constdata          c_w.l(_printf_wctomb.o)
    0x00005638   0x00005638   0x00000028   Data   RO          534    .constdata          c_w.l(_printf_hex_int_ll_ptr.o)
    0x00005660   0x00005660   0x00000011   Data   RO          554    .constdata          c_w.l(__printf_flags_ss_wp.o)
    0x00005671   0x00005671   0x00000026   Data   RO          658    .constdata          c_w.l(_printf_fp_hex.o)
    0x00005697   0x00005697   0x00000001   PAD
    0x00005698   0x00005698   0x00000094   Data   RO          685    .constdata          c_w.l(bigflt0.o)
    0x0000572c   0x0000572c   0x00000018   Data   RO          467    .rodata.BulletImage  images.o
    0x00005744   0x00005744   0x00000c08   Data   RO          447    .rodata.DRValvano   images.o
    0x0000634c   0x0000634c   0x00000bc2   Data   RO          448    .rodata.DRYerraballi  images.o
    0x00006f0e   0x00006f0e   0x000004fb   Data   RO          216    .rodata.Font        st7735.o
    0x00007409   0x00007409   0x00000003   PAD
    0x0000740c   0x0000740c   0x00000018   Data   RO          465    .rodata.ProfessorImages  images.o
    0x00007424   0x00007424   0x0000003b   Data   RO          205    .rodata.Rcmd1       st7735.o
    0x0000745f   0x0000745f   0x0000000d   Data   RO          206    .rodata.Rcmd2green  st7735.o
    0x0000746c   0x0000746c   0x0000000d   Data   RO          209    .rodata.Rcmd2red    st7735.o
    0x00007479   0x00007479   0x0000002b   Data   RO          210    .rodata.Rcmd3       st7735.o
    0x000074a4   0x000074a4   0x00000070   Data   RO          456    .rodata.basicZombieBackwardImage  images.o
    0x00007514   0x00007514   0x00000070   Data   RO          455    .rodata.basicZombieForwardImage  images.o
    0x00007584   0x00007584   0x00000030   Data   RO          468    .rodata.basicZombieImage  images.o
    0x000075b4   0x000075b4   0x00000070   Data   RO          454    .rodata.basicZombieLeftImage  images.o
    0x00007624   0x00007624   0x00000070   Data   RO          453    .rodata.basicZombieRightImage  images.o
    0x00007694   0x00007694   0x000001fe   Data   RO          460    .rodata.bigZombieBackwardImage  images.o
    0x00007892   0x00007892   0x000001fe   Data   RO          459    .rodata.bigZombieForwardImage  images.o
    0x00007a90   0x00007a90   0x00000030   Data   RO          469    .rodata.bigZombieImage  images.o
    0x00007ac0   0x00007ac0   0x000001fe   Data   RO          458    .rodata.bigZombieLeftImage  images.o
    0x00007cbe   0x00007cbe   0x000001fe   Data   RO          457    .rodata.bigZombieRightImage  images.o
    0x00007ebc   0x00007ebc   0x00000004   Data   RO          446    .rodata.bulletImage  images.o
    0x00007ec0   0x00007ec0   0x000000ea   Data   RO          449    .rodata.playerForwardImage  images.o
    0x00007faa   0x00007faa   0x00000002   PAD
    0x00007fac   0x00007fac   0x00000030   Data   RO          466    .rodata.playerImage  images.o
    0x00007fdc   0x00007fdc   0x000000ea   Data   RO          450    .rodata.playerLeftImage  images.o
    0x000080c6   0x000080c6   0x000000ea   Data   RO          452    .rodata.playerReverseImage  images.o
    0x000081b0   0x000081b0   0x000000ea   Data   RO          451    .rodata.playerRightImage  images.o
    0x0000829a   0x0000829a   0x0000a000   Data   RO          461    .rodata.startscreen  images.o
    0x0001229a   0x0001229a   0x00000016   Data   RO          225    .rodata.str1.1      st7735.o
    0x000122b0   0x000122b0   0x0000000a   Data   RO          336    .rodata.str1.1      superawesomefunzombieshootergame.o
    0x000122ba   0x000122ba   0x00000002   PAD
    0x000122bc   0x000122bc   0x00000020   Data   RO          821    Region$$Table       anon$$obj.o
    0x000122dc   0x000122dc   0x0000001c   Data   RO          711    locale$$data        c_w.l(lc_numeric_c.o)
    0x000122f8   0x000122f8   0x00000110   Data   RO          744    locale$$data        c_w.l(lc_ctype_c.o)


    Execution Region ER_RW (Exec base: 0x20000000, Load base: 0x00012408, Size: 0x0000012c, Max: 0xffffffff, ABSOLUTE)

    Exec Addr    Load Addr    Size         Type   Attr      Idx    E Section Name        Object

    0x20000000   0x00012408   0x0000001b   Data   RW          374    .data.DrV_Message   sprites.o
    0x2000001b   0x00012423   0x00000011   Data   RW          375    .data.DrV_Message1  sprites.o
    0x2000002c   0x00012434   0x00000016   Data   RW          376    .data.DrV_Message2  sprites.o
    0x20000042   0x0001244a   0x0000000f   Data   RW          377    .data.DrV_Message3  sprites.o
    0x20000051   0x00012459   0x00000015   Data   RW          378    .data.DrV_Message4  sprites.o
    0x20000066   0x0001246e   0x00000012   Data   RW          379    .data.DrY_Message   sprites.o
    0x20000078   0x00012480   0x00000015   Data   RW          380    .data.DrY_Message1  sprites.o
    0x2000008d   0x00012495   0x00000012   Data   RW          381    .data.DrY_Message2  sprites.o
    0x2000009f   0x000124a7   0x00000015   Data   RW          382    .data.DrY_Message3  sprites.o
    0x200000b4   0x000124bc   0x00000009   Data   RW          327    .data.EnglishHealthStr  superawesomefunzombieshootergame.o
    0x200000bd   0x000124c5   0x00000008   Data   RW          328    .data.SpanishHealthStr  superawesomefunzombieshootergame.o
    0x200000c5   0x000124cd   0x00000001   PAD
    0x200000c6   0x000124ce   0x00000002   Data   RW          203    .data.StTextColor   st7735.o
    0x200000c8   0x000124d0   0x00000002   Data   RW          213    .data._height       st7735.o
    0x200000ca   0x000124d2   0x00000002   Data   RW          212    .data._width        st7735.o
    0x200000cc   0x000124d4   0x00000002   Data   RW          432    .data.count_BasicZombies  zombie_mechanics.o
    0x200000ce   0x000124d6   0x0000000f   Data   RW          324    .data.englishDead   superawesomefunzombieshootergame.o
    0x200000dd   0x000124e5   0x00000008   Data   RW          323    .data.englishScore  superawesomefunzombieshootergame.o
    0x200000e5   0x000124ed   0x00000012   Data   RW          331    .data.englishStr    superawesomefunzombieshootergame.o
    0x200000f7   0x000124ff   0x00000002   Data   RW          322    .data.healthCount   superawesomefunzombieshootergame.o
    0x200000f9   0x00012501   0x00000004   Data   RW          320    .data.killStr       superawesomefunzombieshootergame.o
    0x200000fd   0x00012505   0x0000000f   Data   RW          326    .data.spanishDead   superawesomefunzombieshootergame.o
    0x2000010c   0x00012514   0x0000000a   Data   RW          325    .data.spanishScore  superawesomefunzombieshootergame.o
    0x20000116   0x0001251e   0x00000012   Data   RW          332    .data.spanishStr    superawesomefunzombieshootergame.o
    0x20000128   0x00012530   0x00000001   Data   RW          321    .data.updateScore   superawesomefunzombieshootergame.o


    Execution Region ER_ZI (Exec base: 0x20000130, Load base: 0x00012534, Size: 0x00000878, Max: 0xffffffff, ABSOLUTE)

    Exec Addr    Load Addr    Size         Type   Attr      Idx    E Section Name        Object

    0x20000130        -       0x000000e4   Zero   RW          480    .bss                c_w.l(rand.o)
    0x20000214        -       0x00000060   Zero   RW          736    .bss                c_w.l(libspace.o)
    0x20000274        -       0x00000001   Zero   RW          207    .bss.ColStart       st7735.o
    0x20000275   0x00012534   0x00000003   PAD
    0x20000278        -       0x00000038   Zero   RW          384    .bss.DrV            sprites.o
    0x200002b0        -       0x00000038   Zero   RW          383    .bss.DrY            sprites.o
    0x200002e8        -       0x00000004   Zero   RW           69    .bss.PeriodicTask2  texas.o
    0x200002ec        -       0x00000004   Zero   RW          329    .bss.PortE_Task     superawesomefunzombieshootergame.o
    0x200002f0        -       0x00000001   Zero   RW          218    .bss.Rotation       st7735.o
    0x200002f1        -       0x00000001   Zero   RW          431    .bss.Round          zombie_mechanics.o
    0x200002f2        -       0x00000001   Zero   RW          208    .bss.RowStart       st7735.o
    0x200002f3   0x00012534   0x00000001   PAD
    0x200002f4        -       0x00000004   Zero   RW          201    .bss.StX            st7735.o
    0x200002f8        -       0x00000004   Zero   RW          202    .bss.StY            st7735.o
    0x200002fc        -       0x00000001   Zero   RW          211    .bss.TabColor       st7735.o
    0x200002fd   0x00012534   0x00000003   PAD
    0x20000300        -       0x00000004   Zero   RW           29    .bss.Timer1A_Task   timer1.o
    0x20000304        -       0x00000004   Zero   RW          385    .bss.bulletWait     sprites.o
    0x20000308        -       0x00000118   Zero   RW          373    .bss.bullets        sprites.o
    0x20000420        -       0x00000001   Zero   RW          433    .bss.count_BigZombies  zombie_mechanics.o
    0x20000421   0x00012534   0x00000003   PAD
    0x20000424        -       0x00000004   Zero   RW          334    .bss.deadMessage    superawesomefunzombieshootergame.o
    0x20000428        -       0x00000004   Zero   RW          335    .bss.healthStr      superawesomefunzombieshootergame.o
    0x2000042c        -       0x00000004   Zero   RW          319    .bss.killCount      superawesomefunzombieshootergame.o
    0x20000430        -       0x00000004   Zero   RW          316    .bss.leftButtonLastState  superawesomefunzombieshootergame.o
    0x20000434        -       0x00000004   Zero   RW          315    .bss.leftButtonState  superawesomefunzombieshootergame.o
    0x20000438        -       0x00000118   Zero   RW          434    .bss.onScreen_Zombies  zombie_mechanics.o
    0x20000550        -       0x00000038   Zero   RW          372    .bss.player         sprites.o
    0x20000588        -       0x00000001   Zero   RW          314    .bss.playerHealthWait  superawesomefunzombieshootergame.o
    0x20000589   0x00012534   0x00000003   PAD
    0x2000058c        -       0x00000008   Zero   RW          330    .bss.potData        superawesomefunzombieshootergame.o
    0x20000594        -       0x00000001   Zero   RW          437    .bss.random_x_spawn  zombie_mechanics.o
    0x20000595        -       0x00000001   Zero   RW          438    .bss.random_y_spawn  zombie_mechanics.o
    0x20000596        -       0x00000001   Zero   RW          436    .bss.random_zombie_type  zombie_mechanics.o
    0x20000597   0x00012534   0x00000001   PAD
    0x20000598        -       0x00000004   Zero   RW          318    .bss.rightButtonLastState  superawesomefunzombieshootergame.o
    0x2000059c        -       0x00000004   Zero   RW          317    .bss.rightButtonState  superawesomefunzombieshootergame.o
    0x200005a0        -       0x00000004   Zero   RW          333    .bss.score          superawesomefunzombieshootergame.o
    0x200005a4        -       0x00000001   Zero   RW          435    .bss.zombies_LoadedIn  zombie_mechanics.o
    0x200005a5   0x00012534   0x00000003   PAD
    0x200005a8        -       0x00000000   Zero   RW            2    HEAP                startup.o
    0x200005a8        -       0x00000400   Zero   RW            1    STACK               startup.o


==============================================================================

Image component sizes


      Code (inc. data)   RO Data    RW Data    ZI Data      Debug   Object Name

       326          0          0          0          0        841   adcswtrigger.o
        60          2          0          0          0        252   busywait.o
        88          0          0          0          0        663   dac.o
         0          0      50670          0          0       1501   images.o
       138          0          0          0          0        578   pll.o
      2822          0          0        180        452       6520   sprites.o
      3374          4       1425          6         12      12612   st7735.o
       692        632          0          0       1024        964   startup.o
      3272          0         10        108         45       5895   superawesomefunzombieshootergame.o
      1190          0          0          0          4       2845   texas.o
       192          0          0          0          4        864   timer1.o
       188          0          0          0          0       1923   wave.o
      2780          0          0          2        286       5972   zombie_mechanics.o

    ----------------------------------------------------------------------
     15180        638      52144        300       1844      41430   Object Totals
         0          0         32          0          0          0   (incl. Generated)
        58          0          7          4         17          0   (incl. Padding)

    ----------------------------------------------------------------------

      Code (inc. data)   RO Data    RW Data    ZI Data      Debug   Library Member Name

         8          0          0          0          0         68   __main.o
       392          4         17          0          0         92   __printf_flags_ss_wp.o
        14          0          0          0          0         68   __printf_wp.o
         0          0          0          0          0          0   __rtentry.o
        12          0          0          0          0          0   __rtentry2.o
         6          0          0          0          0          0   __rtentry4.o
        52          8          0          0          0          0   __scatter.o
        26          0          0          0          0          0   __scatter_copy.o
        28          0          0          0          0          0   __scatter_zi.o
        72          0          0          0          0         96   _c16rtomb.o
         6          0          0          0          0          0   _printf_a.o
         6          0          0          0          0          0   _printf_c.o
        44          0          0          0          0        108   _printf_char.o
        48          6          0          0          0         96   _printf_char_common.o
        40          0          0          0          0         68   _printf_charcount.o
         6          0          0          0          0          0   _printf_d.o
       120         16          0          0          0         92   _printf_dec.o
         6          0          0          0          0          0   _printf_e.o
         6          0          0          0          0          0   _printf_f.o
      1052          0          0          0          0        148   _printf_fp_dec.o
       764          8         38          0          0        100   _printf_fp_hex.o
       128         16          0          0          0         84   _printf_fp_infnan.o
         6          0          0          0          0          0   _printf_g.o
       148          4         40          0          0        160   _printf_hex_int_ll_ptr.o
         6          0          0          0          0          0   _printf_i.o
       178          0          0          0          0         88   _printf_intcommon.o
        10          0          0          0          0          0   _printf_l.o
         6          0          0          0          0          0   _printf_lc.o
        10          0          0          0          0          0   _printf_ll.o
         6          0          0          0          0          0   _printf_lld.o
         6          0          0          0          0          0   _printf_lli.o
         6          0          0          0          0          0   _printf_llo.o
         6          0          0          0          0          0   _printf_llu.o
         6          0          0          0          0          0   _printf_llx.o
       124         16          0          0          0         92   _printf_longlong_dec.o
         6          0          0          0          0          0   _printf_ls.o
         6          0          0          0          0          0   _printf_n.o
         6          0          0          0          0          0   _printf_o.o
       112          8          0          0          0        124   _printf_oct_int_ll.o
         6          0          0          0          0          0   _printf_p.o
        78          0          0          0          0        108   _printf_pad.o
         0          0          0          0          0          0   _printf_percent.o
         4          0          0          0          0          0   _printf_percent_end.o
         6          0          0          0          0          0   _printf_s.o
        82          0          0          0          0         80   _printf_str.o
        36          0          0          0          0         84   _printf_truncate.o
         6          0          0          0          0          0   _printf_u.o
        44          0          0          0          0        108   _printf_wchar.o
       188          6          8          0          0         92   _printf_wctomb.o
         6          0          0          0          0          0   _printf_x.o
        10          0          0          0          0         68   _sputc.o
       228          4        148          0          0         96   bigflt0.o
      1936        128          0          0          0        668   btod.o
        18          0          0          0          0         80   exit.o
         6          0          0          0          0        152   heapauxi.o
         0          0          0          0          0          0   indicate_semi.o
        44         10        272          0          0         76   lc_ctype_c.o
        44         10         28          0          0         76   lc_numeric_c.o
         2          0          0          0          0          0   libinit.o
        34          0          0          0          0          0   libinit2.o
         2          0          0          0          0          0   libshutdown.o
         2          0          0          0          0          0   libshutdown2.o
         8          4          0          0         96         68   libspace.o
       138          0          0          0          0         80   lludiv10.o
       112         18          0          0        228        160   rand.o
        16          4          0          0          0         76   rt_ctype_table.o
         8          4          0          0          0         68   rt_locale_intlibspace.o
         2          0          0          0          0          0   rtexit.o
        10          0          0          0          0          0   rtexit2.o
        44          6          0          0          0         84   sprintf.o
       124          0          0          0          0         88   strcmpv7em.o
        12          4          0          0          0         68   sys_exit.o
        74          0          0          0          0         80   sys_stackheap_outer.o
         2          0          0          0          0         68   use_no_semi.o
         4          0          0          0          0         68   printf1.o
         4          0          0          0          0         68   printf2.o
         0          0          0          0          0          0   usenofp.o
        40          0          0          0          0         68   fpclassify.o

    ----------------------------------------------------------------------
      6884        288        552          0        324       4216   Library Totals
        20          4          1          0          0          0   (incl. Padding)

    ----------------------------------------------------------------------

      Code (inc. data)   RO Data    RW Data    ZI Data      Debug   Library Name

      6816        284        551          0        324       4012   c_w.l
         8          0          0          0          0        136   fz_ws.l
        40          0          0          0          0         68   m_ws.l

    ----------------------------------------------------------------------
      6884        288        552          0        324       4216   Library Totals

    ----------------------------------------------------------------------

==============================================================================


      Code (inc. data)   RO Data    RW Data    ZI Data      Debug   

     22064        926      52696        300       2168      43226   Grand Totals
     22064        926      52696        300       2168      43226   ELF Image Totals
     22064        926      52696        300          0          0   ROM Totals

==============================================================================

    Total RO  Size (Code + RO Data)                74760 (  73.01kB)
    Total RW  Size (RW Data + ZI Data)              2468 (   2.41kB)
    Total ROM Size (Code + RO Data + RW Data)      75060 (  73.30kB)

==============================================================================

